#0 building with "orbstack" instance using docker driver

#1 [internal] load build definition from Dockerfile
#1 transferring dockerfile: 217B done
#1 DONE 0.0s

#2 [internal] load metadata for docker.io/library/python:3.12-slim
#2 DONE 2.2s

#3 [internal] load .dockerignore
#3 transferring context: 2B done
#3 DONE 0.0s

#4 [internal] load build context
#4 transferring context: 1.50kB done
#4 DONE 0.0s

#5 [1/3] FROM docker.io/library/python:3.12-slim@sha256:57cd7c3a7a273101a6485ba99423ee568157882804b1124b4dd04266317710de
#5 resolve docker.io/library/python:3.12-slim@sha256:57cd7c3a7a273101a6485ba99423ee568157882804b1124b4dd04266317710de 0.0s done
#5 DONE 0.0s

#6 [2/3] WORKDIR /app
#6 CACHED

#7 [3/3] COPY cloudrun-main.py main.py
#7 CACHED

#8 exporting to image
#8 exporting layers done
#8 exporting manifest sha256:a610f8b40d8d1f054063a606613a46a416f28f610fd9175a240b853390cb45e2 done
#8 exporting config sha256:46faaa48bc687facf2a6deaa601a60f64c3754c8d78410ddacf52dc37679757a done
#8 exporting attestation manifest sha256:1685b3eeda38376c0a711a384a2c69721d91aef32c79604a63158b6b770c4ec9
#8 exporting attestation manifest sha256:1685b3eeda38376c0a711a384a2c69721d91aef32c79604a63158b6b770c4ec9 0.0s done
#8 exporting manifest list sha256:fa843b75c68f421bec2bd76d75aa3adf9af960035f01387fb2e5ff7fd2fabcbc 0.0s done
#8 naming to europe-west9-docker.pkg.dev/ecode-wif-proof-710401/wif-proof/wif-proof:v1 done
#8 DONE 0.1s
The push refers to repository [europe-west9-docker.pkg.dev/ecode-wif-proof-710401/wif-proof/wif-proof]
062e450697fa: Waiting
e9c46931e7ce: Waiting
0ab6a4d233ae: Waiting
98db2485a0d0: Waiting
48347b15c85f: Waiting
fd079632edc0: Waiting
fb1ec1ae9e26: Waiting
062e450697fa: Waiting
e9c46931e7ce: Waiting
0ab6a4d233ae: Waiting
98db2485a0d0: Waiting
48347b15c85f: Waiting
fd079632edc0: Waiting
fb1ec1ae9e26: Waiting
e9c46931e7ce: Waiting
0ab6a4d233ae: Waiting
98db2485a0d0: Waiting
48347b15c85f: Waiting
fd079632edc0: Waiting
fb1ec1ae9e26: Waiting
062e450697fa: Waiting
fb1ec1ae9e26: Waiting
062e450697fa: Waiting
e9c46931e7ce: Waiting
0ab6a4d233ae: Waiting
98db2485a0d0: Waiting
48347b15c85f: Waiting
fd079632edc0: Waiting
fd079632edc0: Waiting
fb1ec1ae9e26: Waiting
062e450697fa: Waiting
e9c46931e7ce: Waiting
0ab6a4d233ae: Waiting
98db2485a0d0: Waiting
48347b15c85f: Waiting
48347b15c85f: Waiting
fd079632edc0: Waiting
fb1ec1ae9e26: Waiting
062e450697fa: Waiting
e9c46931e7ce: Waiting
0ab6a4d233ae: Waiting
98db2485a0d0: Waiting
0ab6a4d233ae: Waiting
98db2485a0d0: Waiting
48347b15c85f: Waiting
fd079632edc0: Waiting
fb1ec1ae9e26: Waiting
062e450697fa: Waiting
e9c46931e7ce: Waiting
98db2485a0d0: Waiting
48347b15c85f: Waiting
fd079632edc0: Waiting
fb1ec1ae9e26: Waiting
062e450697fa: Waiting
e9c46931e7ce: Waiting
0ab6a4d233ae: Waiting
fb1ec1ae9e26: Waiting
062e450697fa: Waiting
e9c46931e7ce: Waiting
0ab6a4d233ae: Waiting
98db2485a0d0: Waiting
48347b15c85f: Waiting
fd079632edc0: Waiting
062e450697fa: Waiting
e9c46931e7ce: Waiting
0ab6a4d233ae: Waiting
98db2485a0d0: Waiting
48347b15c85f: Waiting
fd079632edc0: Waiting
fb1ec1ae9e26: Waiting
062e450697fa: Waiting
e9c46931e7ce: Waiting
0ab6a4d233ae: Waiting
98db2485a0d0: Waiting
48347b15c85f: Waiting
fd079632edc0: Waiting
fb1ec1ae9e26: Waiting
e9c46931e7ce: Waiting
0ab6a4d233ae: Waiting
98db2485a0d0: Waiting
48347b15c85f: Waiting
fd079632edc0: Waiting
fb1ec1ae9e26: Waiting
062e450697fa: Waiting
fd079632edc0: Waiting
fb1ec1ae9e26: Waiting
062e450697fa: Waiting
e9c46931e7ce: Waiting
0ab6a4d233ae: Waiting
98db2485a0d0: Waiting
48347b15c85f: Waiting
fd079632edc0: Waiting
fb1ec1ae9e26: Waiting
062e450697fa: Waiting
e9c46931e7ce: Waiting
0ab6a4d233ae: Waiting
98db2485a0d0: Waiting
48347b15c85f: Waiting
98db2485a0d0: Waiting
48347b15c85f: Waiting
fd079632edc0: Waiting
fb1ec1ae9e26: Waiting
062e450697fa: Waiting
e9c46931e7ce: Waiting
0ab6a4d233ae: Waiting
062e450697fa: Waiting
e9c46931e7ce: Waiting
0ab6a4d233ae: Waiting
98db2485a0d0: Waiting
48347b15c85f: Waiting
fd079632edc0: Waiting
fb1ec1ae9e26: Waiting
0ab6a4d233ae: Waiting
98db2485a0d0: Waiting
48347b15c85f: Waiting
fd079632edc0: Waiting
fb1ec1ae9e26: Waiting
062e450697fa: Waiting
0ab6a4d233ae: Waiting
98db2485a0d0: Waiting
48347b15c85f: Waiting
fd079632edc0: Waiting
fb1ec1ae9e26: Waiting
062e450697fa: Waiting
0ab6a4d233ae: Waiting
98db2485a0d0: Waiting
48347b15c85f: Waiting
fd079632edc0: Waiting
062e450697fa: Waiting
0ab6a4d233ae: Waiting
98db2485a0d0: Waiting
48347b15c85f: Waiting
062e450697fa: Waiting
062e450697fa: Waiting
e9c46931e7ce: Pushed
0ab6a4d233ae: Waiting
fb1ec1ae9e26: Pushed
0ab6a4d233ae: Pushed
fd079632edc0: Pushed
98db2485a0d0: Pushed
48347b15c85f: Pushed
062e450697fa: Pushed
v1: digest: sha256:fa843b75c68f421bec2bd76d75aa3adf9af960035f01387fb2e5ff7fd2fabcbc size: 856
