negative	Set up job	﻿2026-07-22T08:58:53.7650872Z Current runner version: '2.336.0'
negative	Set up job	2026-07-22T08:58:53.7675651Z ##[group]Runner Image Provisioner
negative	Set up job	2026-07-22T08:58:53.7676583Z Hosted Compute Agent
negative	Set up job	2026-07-22T08:58:53.7677240Z Version: 20260707.563
negative	Set up job	2026-07-22T08:58:53.7677889Z Commit: 02667638d2b423fbc733a8e32a88b44996a3ba6e
negative	Set up job	2026-07-22T08:58:53.7678602Z Build Date: 2026-07-07T19:33:50Z
negative	Set up job	2026-07-22T08:58:53.7679339Z Worker ID: {cbeb9ef0-7c6a-416a-bd59-af0866a0dba5}
negative	Set up job	2026-07-22T08:58:53.7680115Z Azure Region: westcentralus
negative	Set up job	2026-07-22T08:58:53.7680699Z ##[endgroup]
negative	Set up job	2026-07-22T08:58:53.7682187Z ##[group]Operating System
negative	Set up job	2026-07-22T08:58:53.7682864Z Ubuntu
negative	Set up job	2026-07-22T08:58:53.7683520Z 24.04.4
negative	Set up job	2026-07-22T08:58:53.7684048Z LTS
negative	Set up job	2026-07-22T08:58:53.7684820Z ##[endgroup]
negative	Set up job	2026-07-22T08:58:53.7685444Z ##[group]Runner Image
negative	Set up job	2026-07-22T08:58:53.7686044Z Image: ubuntu-24.04
negative	Set up job	2026-07-22T08:58:53.7686587Z Version: 20260714.240.1
negative	Set up job	2026-07-22T08:58:53.7687712Z Included Software: https://github.com/actions/runner-images/blob/ubuntu24/20260714.240/images/ubuntu/Ubuntu2404-Readme.md
negative	Set up job	2026-07-22T08:58:53.7689495Z Image Release: https://github.com/actions/runner-images/releases/tag/ubuntu24%2F20260714.240
negative	Set up job	2026-07-22T08:58:53.7690454Z ##[endgroup]
negative	Set up job	2026-07-22T08:58:53.7691556Z ##[group]GITHUB_TOKEN Permissions
negative	Set up job	2026-07-22T08:58:53.7693468Z Contents: read
negative	Set up job	2026-07-22T08:58:53.7694121Z Metadata: read
negative	Set up job	2026-07-22T08:58:53.7695002Z ##[endgroup]
negative	Set up job	2026-07-22T08:58:53.7697353Z Secret source: Actions
negative	Set up job	2026-07-22T08:58:53.7698861Z Prepare workflow directory
negative	Set up job	2026-07-22T08:58:53.8042673Z Prepare all required actions
negative	Set up job	2026-07-22T08:58:53.8085401Z Getting action download info
negative	Set up job	2026-07-22T08:58:54.1129518Z Download action repository 'google-github-actions/auth@v2' (SHA:c200f3691d83b41bf9bbd8638997a462592937ed)
negative	Set up job	2026-07-22T08:58:54.7458190Z Complete job name: negative
negative	NEGATIVE — try to impersonate an UN-GRANTED SA (eager token must be DENIED)	﻿2026-07-22T08:58:54.8430987Z Node 20 is being deprecated. This workflow is running with Node 24 by default. If you need to temporarily use Node 20, you can set the ACTIONS_ALLOW_USE_UNSECURE_NODE_VERSION=true environment variable. For more information see: https://github.blog/changelog/2025-09-19-deprecation-of-node-20-on-github-actions-runners/
negative	NEGATIVE — try to impersonate an UN-GRANTED SA (eager token must be DENIED)	2026-07-22T08:58:54.8442156Z ##[group]Run google-github-actions/auth@v2
negative	NEGATIVE — try to impersonate an UN-GRANTED SA (eager token must be DENIED)	2026-07-22T08:58:54.8443006Z with:
negative	NEGATIVE — try to impersonate an UN-GRANTED SA (eager token must be DENIED)	2026-07-22T08:58:54.8443475Z   project_id: ecode-wif-proof-710401
negative	NEGATIVE — try to impersonate an UN-GRANTED SA (eager token must be DENIED)	2026-07-22T08:58:54.8444733Z   workload_identity_provider: projects/222165552979/locations/global/workloadIdentityPools/github-pool/providers/github
negative	NEGATIVE — try to impersonate an UN-GRANTED SA (eager token must be DENIED)	2026-07-22T08:58:54.8445987Z   service_account: wif-wrong@ecode-wif-proof-710401.iam.gserviceaccount.com
negative	NEGATIVE — try to impersonate an UN-GRANTED SA (eager token must be DENIED)	2026-07-22T08:58:54.8446754Z   token_format: access_token
negative	NEGATIVE — try to impersonate an UN-GRANTED SA (eager token must be DENIED)	2026-07-22T08:58:54.8447266Z   create_credentials_file: true
negative	NEGATIVE — try to impersonate an UN-GRANTED SA (eager token must be DENIED)	2026-07-22T08:58:54.8447798Z   export_environment_variables: true
negative	NEGATIVE — try to impersonate an UN-GRANTED SA (eager token must be DENIED)	2026-07-22T08:58:54.8448355Z   universe: googleapis.com
negative	NEGATIVE — try to impersonate an UN-GRANTED SA (eager token must be DENIED)	2026-07-22T08:58:54.8448857Z   cleanup_credentials: true
negative	NEGATIVE — try to impersonate an UN-GRANTED SA (eager token must be DENIED)	2026-07-22T08:58:54.8449419Z   access_token_lifetime: 3600s
negative	NEGATIVE — try to impersonate an UN-GRANTED SA (eager token must be DENIED)	2026-07-22T08:58:54.8450122Z   access_token_scopes: https://www.googleapis.com/auth/cloud-platform
negative	NEGATIVE — try to impersonate an UN-GRANTED SA (eager token must be DENIED)	2026-07-22T08:58:54.8450866Z   id_token_include_email: false
negative	NEGATIVE — try to impersonate an UN-GRANTED SA (eager token must be DENIED)	2026-07-22T08:58:54.8451611Z ##[endgroup]
negative	NEGATIVE — try to impersonate an UN-GRANTED SA (eager token must be DENIED)	2026-07-22T08:58:55.1590519Z ⚠️ The "create_credentials_file" option is true, but the current GitHub workspace is empty. Did you forget to use "actions/checkout" before this step? If you do not intend to share authentication with future steps in this job, set "create_credentials_file" to false.
negative	NEGATIVE — try to impersonate an UN-GRANTED SA (eager token must be DENIED)	2026-07-22T08:58:55.1645855Z Created credentials file at "/home/runner/work/vibecore/vibecore/gha-creds-1fa7a9634d791394.json"
negative	NEGATIVE — try to impersonate an UN-GRANTED SA (eager token must be DENIED)	2026-07-22T08:58:55.3826141Z ##[error]google-github-actions/auth failed with: failed to generate Google Cloud OAuth 2.0 Access Token for wif-wrong@ecode-wif-proof-710401.iam.gserviceaccount.com: {
negative	NEGATIVE — try to impersonate an UN-GRANTED SA (eager token must be DENIED)	  "error": {
negative	NEGATIVE — try to impersonate an UN-GRANTED SA (eager token must be DENIED)	    "code": 403,
negative	NEGATIVE — try to impersonate an UN-GRANTED SA (eager token must be DENIED)	    "message": "Permission 'iam.serviceAccounts.getAccessToken' denied on resource (or it may not exist). Remediate access with this Troubleshooter URL or share it with your administrator - https://console.cloud.google.com/iam-admin/troubleshooter/summary;errorId=CiQwMTlmODkwYy1hNjA3LTdiZGUtYTNlNC1hMDg3YjQ2NGQwYjYSAA%3D%3D .",
negative	NEGATIVE — try to impersonate an UN-GRANTED SA (eager token must be DENIED)	    "status": "PERMISSION_DENIED",
negative	NEGATIVE — try to impersonate an UN-GRANTED SA (eager token must be DENIED)	    "details": [
negative	NEGATIVE — try to impersonate an UN-GRANTED SA (eager token must be DENIED)	      {
negative	NEGATIVE — try to impersonate an UN-GRANTED SA (eager token must be DENIED)	        "@type": "type.googleapis.com/google.rpc.ErrorInfo",
negative	NEGATIVE — try to impersonate an UN-GRANTED SA (eager token must be DENIED)	        "reason": "IAM_PERMISSION_DENIED",
negative	NEGATIVE — try to impersonate an UN-GRANTED SA (eager token must be DENIED)	        "domain": "iam.googleapis.com",
negative	NEGATIVE — try to impersonate an UN-GRANTED SA (eager token must be DENIED)	        "metadata": {
negative	NEGATIVE — try to impersonate an UN-GRANTED SA (eager token must be DENIED)	          "permission": "iam.serviceAccounts.getAccessToken",
negative	NEGATIVE — try to impersonate an UN-GRANTED SA (eager token must be DENIED)	          "error_info_id": "CiQwMTlmODkwYy1hNjA3LTdiZGUtYTNlNC1hMDg3YjQ2NGQwYjYSAA==",
negative	NEGATIVE — try to impersonate an UN-GRANTED SA (eager token must be DENIED)	          "troubleshooter_url": "https://console.cloud.google.com/iam-admin/troubleshooter/summary;errorId=CiQwMTlmODkwYy1hNjA3LTdiZGUtYTNlNC1hMDg3YjQ2NGQwYjYSAA%3D%3D"
negative	NEGATIVE — try to impersonate an UN-GRANTED SA (eager token must be DENIED)	        }
negative	NEGATIVE — try to impersonate an UN-GRANTED SA (eager token must be DENIED)	      }
negative	NEGATIVE — try to impersonate an UN-GRANTED SA (eager token must be DENIED)	    ]
negative	NEGATIVE — try to impersonate an UN-GRANTED SA (eager token must be DENIED)	  }
negative	NEGATIVE — try to impersonate an UN-GRANTED SA (eager token must be DENIED)	}
negative	Report negative outcome	﻿2026-07-22T08:58:55.4035586Z ##[group]Run echo "AUTH_STEP_OUTCOME=failure"
negative	Report negative outcome	2026-07-22T08:58:55.4036963Z [36;1mecho "AUTH_STEP_OUTCOME=failure"[0m
negative	Report negative outcome	2026-07-22T08:58:55.4038188Z [36;1mif [ "failure" = "failure" ]; then[0m
negative	Report negative outcome	2026-07-22T08:58:55.4040212Z [36;1m  echo "NEGATIVE_OK: impersonation of the un-granted SA was DENIED (no workloadIdentityUser binding)"[0m
negative	Report negative outcome	2026-07-22T08:58:55.4042206Z [36;1melse[0m
negative	Report negative outcome	2026-07-22T08:58:55.4043287Z [36;1m  echo "NEGATIVE_UNEXPECTED: auth did not fail"; exit 1[0m
negative	Report negative outcome	2026-07-22T08:58:55.4044820Z [36;1mfi[0m
negative	Report negative outcome	2026-07-22T08:58:55.4124056Z shell: /usr/bin/bash -e {0}
negative	Report negative outcome	2026-07-22T08:58:55.4125445Z env:
negative	Report negative outcome	2026-07-22T08:58:55.4127098Z   CLOUDSDK_AUTH_CREDENTIAL_FILE_OVERRIDE: /home/runner/work/vibecore/vibecore/gha-creds-1fa7a9634d791394.json
negative	Report negative outcome	2026-07-22T08:58:55.4129927Z   GOOGLE_APPLICATION_CREDENTIALS: /home/runner/work/vibecore/vibecore/gha-creds-1fa7a9634d791394.json
negative	Report negative outcome	2026-07-22T08:58:55.4132448Z   GOOGLE_GHA_CREDS_PATH: /home/runner/work/vibecore/vibecore/gha-creds-1fa7a9634d791394.json
negative	Report negative outcome	2026-07-22T08:58:55.4134496Z   CLOUDSDK_CORE_PROJECT: ecode-wif-proof-710401
negative	Report negative outcome	2026-07-22T08:58:55.4135734Z   CLOUDSDK_PROJECT: ecode-wif-proof-710401
negative	Report negative outcome	2026-07-22T08:58:55.4136874Z   GCLOUD_PROJECT: ecode-wif-proof-710401
negative	Report negative outcome	2026-07-22T08:58:55.4137987Z   GCP_PROJECT: ecode-wif-proof-710401
negative	Report negative outcome	2026-07-22T08:58:55.4139120Z   GOOGLE_CLOUD_PROJECT: ecode-wif-proof-710401
negative	Report negative outcome	2026-07-22T08:58:55.4140226Z ##[endgroup]
negative	Report negative outcome	2026-07-22T08:58:55.4246955Z AUTH_STEP_OUTCOME=failure
negative	Report negative outcome	2026-07-22T08:58:55.4249726Z NEGATIVE_OK: impersonation of the un-granted SA was DENIED (no workloadIdentityUser binding)
negative	Post NEGATIVE — try to impersonate an UN-GRANTED SA (eager token must be DENIED)	﻿2026-07-22T08:58:55.4475006Z Node 20 is being deprecated. This workflow is running with Node 24 by default. If you need to temporarily use Node 20, you can set the ACTIONS_ALLOW_USE_UNSECURE_NODE_VERSION=true environment variable. For more information see: https://github.blog/changelog/2025-09-19-deprecation-of-node-20-on-github-actions-runners/
negative	Post NEGATIVE — try to impersonate an UN-GRANTED SA (eager token must be DENIED)	2026-07-22T08:58:55.4480048Z Post job cleanup.
negative	Post NEGATIVE — try to impersonate an UN-GRANTED SA (eager token must be DENIED)	2026-07-22T08:58:55.5354433Z Removed exported credentials at "/home/runner/work/vibecore/vibecore/gha-creds-1fa7a9634d791394.json".
negative	Complete job	﻿2026-07-22T08:58:55.5499353Z Cleaning up orphan processes
negative	Complete job	2026-07-22T08:58:55.5975937Z ##[warning]Node.js 20 is deprecated. The following actions target Node.js 20 but are being forced to run on Node.js 24: google-github-actions/auth@v2. For more information see: https://github.blog/changelog/2025-09-19-deprecation-of-node-20-on-github-actions-runners/
authorized	Set up job	﻿2026-07-22T08:58:48.0725984Z Current runner version: '2.336.0'
authorized	Set up job	2026-07-22T08:58:48.0763543Z ##[group]Runner Image Provisioner
authorized	Set up job	2026-07-22T08:58:48.0764945Z Hosted Compute Agent
authorized	Set up job	2026-07-22T08:58:48.0765873Z Version: 20260707.563
authorized	Set up job	2026-07-22T08:58:48.0766889Z Commit: 02667638d2b423fbc733a8e32a88b44996a3ba6e
authorized	Set up job	2026-07-22T08:58:48.0768137Z Build Date: 2026-07-07T19:33:50Z
authorized	Set up job	2026-07-22T08:58:48.0769503Z Worker ID: {ffd86b06-5ef1-4366-a58a-f78887b2e761}
authorized	Set up job	2026-07-22T08:58:48.0770782Z Azure Region: eastus
authorized	Set up job	2026-07-22T08:58:48.0771791Z ##[endgroup]
authorized	Set up job	2026-07-22T08:58:48.0774533Z ##[group]Operating System
authorized	Set up job	2026-07-22T08:58:48.0775632Z Ubuntu
authorized	Set up job	2026-07-22T08:58:48.0776456Z 24.04.4
authorized	Set up job	2026-07-22T08:58:48.0777323Z LTS
authorized	Set up job	2026-07-22T08:58:48.0778234Z ##[endgroup]
authorized	Set up job	2026-07-22T08:58:48.0779364Z ##[group]Runner Image
authorized	Set up job	2026-07-22T08:58:48.0780448Z Image: ubuntu-24.04
authorized	Set up job	2026-07-22T08:58:48.0781392Z Version: 20260714.240.1
authorized	Set up job	2026-07-22T08:58:48.0783185Z Included Software: https://github.com/actions/runner-images/blob/ubuntu24/20260714.240/images/ubuntu/Ubuntu2404-Readme.md
authorized	Set up job	2026-07-22T08:58:48.0786139Z Image Release: https://github.com/actions/runner-images/releases/tag/ubuntu24%2F20260714.240
authorized	Set up job	2026-07-22T08:58:48.0787942Z ##[endgroup]
authorized	Set up job	2026-07-22T08:58:48.0789957Z ##[group]GITHUB_TOKEN Permissions
authorized	Set up job	2026-07-22T08:58:48.0793302Z Contents: read
authorized	Set up job	2026-07-22T08:58:48.0794313Z Metadata: read
authorized	Set up job	2026-07-22T08:58:48.0795227Z ##[endgroup]
authorized	Set up job	2026-07-22T08:58:48.0798367Z Secret source: Actions
authorized	Set up job	2026-07-22T08:58:48.0800623Z Prepare workflow directory
authorized	Set up job	2026-07-22T08:58:48.1287844Z Prepare all required actions
authorized	Set up job	2026-07-22T08:58:48.1353107Z Getting action download info
authorized	Set up job	2026-07-22T08:58:48.3516302Z Download action repository 'google-github-actions/auth@v2' (SHA:c200f3691d83b41bf9bbd8638997a462592937ed)
authorized	Set up job	2026-07-22T08:58:48.6708586Z Complete job name: authorized
authorized	Federate GitHub OIDC -> impersonate AUTHORIZED SA (eager token, no key)	﻿2026-07-22T08:58:48.7784228Z Node 20 is being deprecated. This workflow is running with Node 24 by default. If you need to temporarily use Node 20, you can set the ACTIONS_ALLOW_USE_UNSECURE_NODE_VERSION=true environment variable. For more information see: https://github.blog/changelog/2025-09-19-deprecation-of-node-20-on-github-actions-runners/
authorized	Federate GitHub OIDC -> impersonate AUTHORIZED SA (eager token, no key)	2026-07-22T08:58:48.7793614Z ##[group]Run google-github-actions/auth@v2
authorized	Federate GitHub OIDC -> impersonate AUTHORIZED SA (eager token, no key)	2026-07-22T08:58:48.7794474Z with:
authorized	Federate GitHub OIDC -> impersonate AUTHORIZED SA (eager token, no key)	2026-07-22T08:58:48.7794942Z   project_id: ecode-wif-proof-710401
authorized	Federate GitHub OIDC -> impersonate AUTHORIZED SA (eager token, no key)	2026-07-22T08:58:48.7795986Z   workload_identity_provider: projects/222165552979/locations/global/workloadIdentityPools/github-pool/providers/github
authorized	Federate GitHub OIDC -> impersonate AUTHORIZED SA (eager token, no key)	2026-07-22T08:58:48.7797261Z   service_account: wif-authorized@ecode-wif-proof-710401.iam.gserviceaccount.com
authorized	Federate GitHub OIDC -> impersonate AUTHORIZED SA (eager token, no key)	2026-07-22T08:58:48.7798069Z   token_format: access_token
authorized	Federate GitHub OIDC -> impersonate AUTHORIZED SA (eager token, no key)	2026-07-22T08:58:48.7798588Z   create_credentials_file: true
authorized	Federate GitHub OIDC -> impersonate AUTHORIZED SA (eager token, no key)	2026-07-22T08:58:48.7799458Z   export_environment_variables: true
authorized	Federate GitHub OIDC -> impersonate AUTHORIZED SA (eager token, no key)	2026-07-22T08:58:48.7800035Z   universe: googleapis.com
authorized	Federate GitHub OIDC -> impersonate AUTHORIZED SA (eager token, no key)	2026-07-22T08:58:48.7800533Z   cleanup_credentials: true
authorized	Federate GitHub OIDC -> impersonate AUTHORIZED SA (eager token, no key)	2026-07-22T08:58:48.7801097Z   access_token_lifetime: 3600s
authorized	Federate GitHub OIDC -> impersonate AUTHORIZED SA (eager token, no key)	2026-07-22T08:58:48.7801768Z   access_token_scopes: https://www.googleapis.com/auth/cloud-platform
authorized	Federate GitHub OIDC -> impersonate AUTHORIZED SA (eager token, no key)	2026-07-22T08:58:48.7802498Z   id_token_include_email: false
authorized	Federate GitHub OIDC -> impersonate AUTHORIZED SA (eager token, no key)	2026-07-22T08:58:48.7803327Z ##[endgroup]
authorized	Federate GitHub OIDC -> impersonate AUTHORIZED SA (eager token, no key)	2026-07-22T08:58:48.9880613Z ⚠️ The "create_credentials_file" option is true, but the current GitHub workspace is empty. Did you forget to use "actions/checkout" before this step? If you do not intend to share authentication with future steps in this job, set "create_credentials_file" to false.
authorized	Federate GitHub OIDC -> impersonate AUTHORIZED SA (eager token, no key)	2026-07-22T08:58:48.9965208Z Created credentials file at "/home/runner/work/vibecore/vibecore/gha-creds-2ed427550e6aafd5.json"
authorized	Read the secret bucket with the WIF-obtained token (no key) — REQUIRE 200 + content	﻿2026-07-22T08:58:49.1836774Z ##[group]Run set -euo pipefail
authorized	Read the secret bucket with the WIF-obtained token (no key) — REQUIRE 200 + content	2026-07-22T08:58:49.1837492Z [36;1mset -euo pipefail[0m
authorized	Read the secret bucket with the WIF-obtained token (no key) — REQUIRE 200 + content	2026-07-22T08:58:49.1838412Z [36;1mecho "CREDENTIAL_FILE=$GOOGLE_APPLICATION_CREDENTIALS (external_account/federated, NOT a key)"[0m
authorized	Read the secret bucket with the WIF-obtained token (no key) — REQUIRE 200 + content	2026-07-22T08:58:49.1840297Z [36;1mgrep -q '"type": "external_account"' "$GOOGLE_APPLICATION_CREDENTIALS" && echo "CREDENTIAL_KIND=external_account (federated, keyless)"[0m
authorized	Read the secret bucket with the WIF-obtained token (no key) — REQUIRE 200 + content	2026-07-22T08:58:49.1841603Z [36;1mecho "TOKEN_ACQUIRED_VIA=WIF_impersonation length=${#TOKEN}"[0m
authorized	Read the secret bucket with the WIF-obtained token (no key) — REQUIRE 200 + content	2026-07-22T08:58:49.1842944Z [36;1mCODE=$(curl -s -o /tmp/body -w "%{http_code}" -H "Authorization: ***" \[0m
authorized	Read the secret bucket with the WIF-obtained token (no key) — REQUIRE 200 + content	2026-07-22T08:58:49.1843988Z [36;1m  "https://storage.googleapis.com/storage/v1/b/${BUCKET}/o/secret.txt?alt=media")[0m
authorized	Read the secret bucket with the WIF-obtained token (no key) — REQUIRE 200 + content	2026-07-22T08:58:49.1844831Z [36;1mecho "READ_HTTP=$CODE"[0m
authorized	Read the secret bucket with the WIF-obtained token (no key) — REQUIRE 200 + content	2026-07-22T08:58:49.1845401Z [36;1mecho "SECRET_CONTENT=$(cat /tmp/body)"[0m
authorized	Read the secret bucket with the WIF-obtained token (no key) — REQUIRE 200 + content	2026-07-22T08:58:49.1846176Z [36;1mtest "$CODE" = "200" || { echo "FAIL: expected HTTP 200, got $CODE"; exit 1; }[0m
authorized	Read the secret bucket with the WIF-obtained token (no key) — REQUIRE 200 + content	2026-07-22T08:58:49.1846935Z [36;1mcase "$(cat /tmp/body)" in[0m
authorized	Read the secret bucket with the WIF-obtained token (no key) — REQUIRE 200 + content	2026-07-22T08:58:49.1847707Z [36;1m  "$EXPECT"*) echo "CONTENT_OK: secret starts with expected prefix" ;;[0m
authorized	Read the secret bucket with the WIF-obtained token (no key) — REQUIRE 200 + content	2026-07-22T08:58:49.1848523Z [36;1m  *) echo "FAIL: unexpected content"; exit 1 ;;[0m
authorized	Read the secret bucket with the WIF-obtained token (no key) — REQUIRE 200 + content	2026-07-22T08:58:49.1849463Z [36;1mesac[0m
authorized	Read the secret bucket with the WIF-obtained token (no key) — REQUIRE 200 + content	2026-07-22T08:58:49.1931037Z shell: /usr/bin/bash -e {0}
authorized	Read the secret bucket with the WIF-obtained token (no key) — REQUIRE 200 + content	2026-07-22T08:58:49.1931623Z env:
authorized	Read the secret bucket with the WIF-obtained token (no key) — REQUIRE 200 + content	2026-07-22T08:58:49.1932470Z   CLOUDSDK_AUTH_CREDENTIAL_FILE_OVERRIDE: /home/runner/work/vibecore/vibecore/gha-creds-2ed427550e6aafd5.json
authorized	Read the secret bucket with the WIF-obtained token (no key) — REQUIRE 200 + content	2026-07-22T08:58:49.1933852Z   GOOGLE_APPLICATION_CREDENTIALS: /home/runner/work/vibecore/vibecore/gha-creds-2ed427550e6aafd5.json
authorized	Read the secret bucket with the WIF-obtained token (no key) — REQUIRE 200 + content	2026-07-22T08:58:49.1935052Z   GOOGLE_GHA_CREDS_PATH: /home/runner/work/vibecore/vibecore/gha-creds-2ed427550e6aafd5.json
authorized	Read the secret bucket with the WIF-obtained token (no key) — REQUIRE 200 + content	2026-07-22T08:58:49.1935946Z   CLOUDSDK_CORE_PROJECT: ecode-wif-proof-710401
authorized	Read the secret bucket with the WIF-obtained token (no key) — REQUIRE 200 + content	2026-07-22T08:58:49.1936588Z   CLOUDSDK_PROJECT: ecode-wif-proof-710401
authorized	Read the secret bucket with the WIF-obtained token (no key) — REQUIRE 200 + content	2026-07-22T08:58:49.1937240Z   GCLOUD_PROJECT: ecode-wif-proof-710401
authorized	Read the secret bucket with the WIF-obtained token (no key) — REQUIRE 200 + content	2026-07-22T08:58:49.1937868Z   GCP_PROJECT: ecode-wif-proof-710401
authorized	Read the secret bucket with the WIF-obtained token (no key) — REQUIRE 200 + content	2026-07-22T08:58:49.1938479Z   GOOGLE_CLOUD_PROJECT: ecode-wif-proof-710401
authorized	Read the secret bucket with the WIF-obtained token (no key) — REQUIRE 200 + content	2026-07-22T08:58:49.1946433Z   TOKEN: ***
authorized	Read the secret bucket with the WIF-obtained token (no key) — REQUIRE 200 + content	2026-07-22T08:58:49.1946931Z   BUCKET: ecode-wif-proof-710401-secret-data
authorized	Read the secret bucket with the WIF-obtained token (no key) — REQUIRE 200 + content	2026-07-22T08:58:49.1947586Z   EXPECT: wif-proof-secret-content
authorized	Read the secret bucket with the WIF-obtained token (no key) — REQUIRE 200 + content	2026-07-22T08:58:49.1948113Z ##[endgroup]
authorized	Read the secret bucket with the WIF-obtained token (no key) — REQUIRE 200 + content	2026-07-22T08:58:49.2056348Z CREDENTIAL_FILE=/home/runner/work/vibecore/vibecore/gha-creds-2ed427550e6aafd5.json (external_account/federated, NOT a key)
authorized	Read the secret bucket with the WIF-obtained token (no key) — REQUIRE 200 + content	2026-07-22T08:58:49.2070475Z TOKEN_ACQUIRED_VIA=WIF_impersonation length=1024
authorized	Read the secret bucket with the WIF-obtained token (no key) — REQUIRE 200 + content	2026-07-22T08:58:49.3904320Z READ_HTTP=200
authorized	Read the secret bucket with the WIF-obtained token (no key) — REQUIRE 200 + content	2026-07-22T08:58:49.3919005Z SECRET_CONTENT=wif-proof-secret-content-1784710495
authorized	Read the secret bucket with the WIF-obtained token (no key) — REQUIRE 200 + content	2026-07-22T08:58:49.3932792Z CONTENT_OK: secret starts with expected prefix
authorized	Post Federate GitHub OIDC -> impersonate AUTHORIZED SA (eager token, no key)	﻿2026-07-22T08:58:49.4089591Z Node 20 is being deprecated. This workflow is running with Node 24 by default. If you need to temporarily use Node 20, you can set the ACTIONS_ALLOW_USE_UNSECURE_NODE_VERSION=true environment variable. For more information see: https://github.blog/changelog/2025-09-19-deprecation-of-node-20-on-github-actions-runners/
authorized	Post Federate GitHub OIDC -> impersonate AUTHORIZED SA (eager token, no key)	2026-07-22T08:58:49.4092228Z Post job cleanup.
authorized	Post Federate GitHub OIDC -> impersonate AUTHORIZED SA (eager token, no key)	2026-07-22T08:58:49.5001681Z Removed exported credentials at "/home/runner/work/vibecore/vibecore/gha-creds-2ed427550e6aafd5.json".
authorized	Complete job	﻿2026-07-22T08:58:49.5155321Z Cleaning up orphan processes
authorized	Complete job	2026-07-22T08:58:49.5966028Z ##[warning]Node.js 20 is deprecated. The following actions target Node.js 20 but are being forced to run on Node.js 24: google-github-actions/auth@v2. For more information see: https://github.blog/changelog/2025-09-19-deprecation-of-node-20-on-github-actions-runners/
