negative	Set up job	﻿2026-07-23T19:19:25.1273952Z Current runner version: '2.336.0'
negative	Set up job	2026-07-23T19:19:25.1310059Z ##[group]Runner Image Provisioner
negative	Set up job	2026-07-23T19:19:25.1311244Z Hosted Compute Agent
negative	Set up job	2026-07-23T19:19:25.1312344Z Version: 20260707.563
negative	Set up job	2026-07-23T19:19:25.1313493Z Commit: 02667638d2b423fbc733a8e32a88b44996a3ba6e
negative	Set up job	2026-07-23T19:19:25.1314724Z Build Date: 2026-07-07T19:33:50Z
negative	Set up job	2026-07-23T19:19:25.1315790Z Worker ID: {ad7cbd0c-7b4e-4292-bdae-ead421ddaa53}
negative	Set up job	2026-07-23T19:19:25.1316944Z Azure Region: eastus
negative	Set up job	2026-07-23T19:19:25.1318006Z ##[endgroup]
negative	Set up job	2026-07-23T19:19:25.1319952Z ##[group]Operating System
negative	Set up job	2026-07-23T19:19:25.1321056Z Ubuntu
negative	Set up job	2026-07-23T19:19:25.1321835Z 24.04.4
negative	Set up job	2026-07-23T19:19:25.1322640Z LTS
negative	Set up job	2026-07-23T19:19:25.1323700Z ##[endgroup]
negative	Set up job	2026-07-23T19:19:25.1324524Z ##[group]Runner Image
negative	Set up job	2026-07-23T19:19:25.1325428Z Image: ubuntu-24.04
negative	Set up job	2026-07-23T19:19:25.1326410Z Version: 20260714.240.1
negative	Set up job	2026-07-23T19:19:25.1328138Z Included Software: https://github.com/actions/runner-images/blob/ubuntu24/20260714.240/images/ubuntu/Ubuntu2404-Readme.md
negative	Set up job	2026-07-23T19:19:25.1330890Z Image Release: https://github.com/actions/runner-images/releases/tag/ubuntu24%2F20260714.240
negative	Set up job	2026-07-23T19:19:25.1332515Z ##[endgroup]
negative	Set up job	2026-07-23T19:19:25.1334340Z ##[group]GITHUB_TOKEN Permissions
negative	Set up job	2026-07-23T19:19:25.1337802Z Contents: read
negative	Set up job	2026-07-23T19:19:25.1338771Z Metadata: read
negative	Set up job	2026-07-23T19:19:25.1339619Z ##[endgroup]
negative	Set up job	2026-07-23T19:19:25.1342974Z Secret source: Actions
negative	Set up job	2026-07-23T19:19:25.1344935Z Prepare workflow directory
negative	Set up job	2026-07-23T19:19:25.1788843Z Prepare all required actions
negative	Set up job	2026-07-23T19:19:25.1848537Z Getting action download info
negative	Set up job	2026-07-23T19:19:25.4511498Z Download action repository 'google-github-actions/auth@v2' (SHA:c200f3691d83b41bf9bbd8638997a462592937ed)
negative	Set up job	2026-07-23T19:19:25.7131633Z Complete job name: negative
negative	NEGATIVE — try to impersonate an UN-GRANTED SA (eager token must be DENIED)	﻿2026-07-23T19:19:25.8114794Z Node 20 is being deprecated. This workflow is running with Node 24 by default. If you need to temporarily use Node 20, you can set the ACTIONS_ALLOW_USE_UNSECURE_NODE_VERSION=true environment variable. For more information see: https://github.blog/changelog/2025-09-19-deprecation-of-node-20-on-github-actions-runners/
negative	NEGATIVE — try to impersonate an UN-GRANTED SA (eager token must be DENIED)	2026-07-23T19:19:25.8123942Z ##[group]Run google-github-actions/auth@v2
negative	NEGATIVE — try to impersonate an UN-GRANTED SA (eager token must be DENIED)	2026-07-23T19:19:25.8124982Z with:
negative	NEGATIVE — try to impersonate an UN-GRANTED SA (eager token must be DENIED)	2026-07-23T19:19:25.8125451Z   project_id: ecode-wif-proof-834022
negative	NEGATIVE — try to impersonate an UN-GRANTED SA (eager token must be DENIED)	2026-07-23T19:19:25.8126489Z   workload_identity_provider: projects/828850261214/locations/global/workloadIdentityPools/github-pool/providers/github
negative	NEGATIVE — try to impersonate an UN-GRANTED SA (eager token must be DENIED)	2026-07-23T19:19:25.8127719Z   service_account: wif-wrong@ecode-wif-proof-834022.iam.gserviceaccount.com
negative	NEGATIVE — try to impersonate an UN-GRANTED SA (eager token must be DENIED)	2026-07-23T19:19:25.8128461Z   token_format: access_token
negative	NEGATIVE — try to impersonate an UN-GRANTED SA (eager token must be DENIED)	2026-07-23T19:19:25.8128962Z   create_credentials_file: true
negative	NEGATIVE — try to impersonate an UN-GRANTED SA (eager token must be DENIED)	2026-07-23T19:19:25.8129471Z   export_environment_variables: true
negative	NEGATIVE — try to impersonate an UN-GRANTED SA (eager token must be DENIED)	2026-07-23T19:19:25.8130002Z   universe: googleapis.com
negative	NEGATIVE — try to impersonate an UN-GRANTED SA (eager token must be DENIED)	2026-07-23T19:19:25.8130484Z   cleanup_credentials: true
negative	NEGATIVE — try to impersonate an UN-GRANTED SA (eager token must be DENIED)	2026-07-23T19:19:25.8131031Z   access_token_lifetime: 3600s
negative	NEGATIVE — try to impersonate an UN-GRANTED SA (eager token must be DENIED)	2026-07-23T19:19:25.8131690Z   access_token_scopes: https://www.googleapis.com/auth/cloud-platform
negative	NEGATIVE — try to impersonate an UN-GRANTED SA (eager token must be DENIED)	2026-07-23T19:19:25.8132411Z   id_token_include_email: false
negative	NEGATIVE — try to impersonate an UN-GRANTED SA (eager token must be DENIED)	2026-07-23T19:19:25.8133119Z ##[endgroup]
negative	NEGATIVE — try to impersonate an UN-GRANTED SA (eager token must be DENIED)	2026-07-23T19:19:25.9723011Z ⚠️ The "create_credentials_file" option is true, but the current GitHub workspace is empty. Did you forget to use "actions/checkout" before this step? If you do not intend to share authentication with future steps in this job, set "create_credentials_file" to false.
negative	NEGATIVE — try to impersonate an UN-GRANTED SA (eager token must be DENIED)	2026-07-23T19:19:25.9774793Z Created credentials file at "/home/runner/work/vibecore/vibecore/gha-creds-1fff3a3b05206ebd.json"
negative	NEGATIVE — try to impersonate an UN-GRANTED SA (eager token must be DENIED)	2026-07-23T19:19:26.1925026Z ##[error]google-github-actions/auth failed with: failed to generate Google Cloud OAuth 2.0 Access Token for wif-wrong@ecode-wif-proof-834022.iam.gserviceaccount.com: {
negative	NEGATIVE — try to impersonate an UN-GRANTED SA (eager token must be DENIED)	  "error": {
negative	NEGATIVE — try to impersonate an UN-GRANTED SA (eager token must be DENIED)	    "code": 403,
negative	NEGATIVE — try to impersonate an UN-GRANTED SA (eager token must be DENIED)	    "message": "Permission 'iam.serviceAccounts.getAccessToken' denied on resource (or it may not exist). Remediate access with this Troubleshooter URL or share it with your administrator - https://console.cloud.google.com/iam-admin/troubleshooter/summary;errorId=CiQwMTlmOTA2Yi0xYWViLTc4ZWYtOGU1MC04MzZhZjE2NmVkM2ESAA%3D%3D .",
negative	NEGATIVE — try to impersonate an UN-GRANTED SA (eager token must be DENIED)	    "status": "PERMISSION_DENIED",
negative	NEGATIVE — try to impersonate an UN-GRANTED SA (eager token must be DENIED)	    "details": [
negative	NEGATIVE — try to impersonate an UN-GRANTED SA (eager token must be DENIED)	      {
negative	NEGATIVE — try to impersonate an UN-GRANTED SA (eager token must be DENIED)	        "@type": "type.googleapis.com/google.rpc.ErrorInfo",
negative	NEGATIVE — try to impersonate an UN-GRANTED SA (eager token must be DENIED)	        "reason": "IAM_PERMISSION_DENIED",
negative	NEGATIVE — try to impersonate an UN-GRANTED SA (eager token must be DENIED)	        "domain": "iam.googleapis.com",
negative	NEGATIVE — try to impersonate an UN-GRANTED SA (eager token must be DENIED)	        "metadata": {
negative	NEGATIVE — try to impersonate an UN-GRANTED SA (eager token must be DENIED)	          "troubleshooter_url": "https://console.cloud.google.com/iam-admin/troubleshooter/summary;errorId=CiQwMTlmOTA2Yi0xYWViLTc4ZWYtOGU1MC04MzZhZjE2NmVkM2ESAA%3D%3D",
negative	NEGATIVE — try to impersonate an UN-GRANTED SA (eager token must be DENIED)	          "error_info_id": "CiQwMTlmOTA2Yi0xYWViLTc4ZWYtOGU1MC04MzZhZjE2NmVkM2ESAA==",
negative	NEGATIVE — try to impersonate an UN-GRANTED SA (eager token must be DENIED)	          "permission": "iam.serviceAccounts.getAccessToken"
negative	NEGATIVE — try to impersonate an UN-GRANTED SA (eager token must be DENIED)	        }
negative	NEGATIVE — try to impersonate an UN-GRANTED SA (eager token must be DENIED)	      }
negative	NEGATIVE — try to impersonate an UN-GRANTED SA (eager token must be DENIED)	    ]
negative	NEGATIVE — try to impersonate an UN-GRANTED SA (eager token must be DENIED)	  }
negative	NEGATIVE — try to impersonate an UN-GRANTED SA (eager token must be DENIED)	}
negative	Report negative outcome	﻿2026-07-23T19:19:26.2122462Z ##[group]Run echo "AUTH_STEP_OUTCOME=failure"
negative	Report negative outcome	2026-07-23T19:19:26.2123667Z [36;1mecho "AUTH_STEP_OUTCOME=failure"[0m
negative	Report negative outcome	2026-07-23T19:19:26.2124664Z [36;1mif [ "failure" = "failure" ]; then[0m
negative	Report negative outcome	2026-07-23T19:19:26.2126144Z [36;1m  echo "NEGATIVE_OK: impersonation of the un-granted SA was DENIED (no workloadIdentityUser binding)"[0m
negative	Report negative outcome	2026-07-23T19:19:26.2127684Z [36;1melse[0m
negative	Report negative outcome	2026-07-23T19:19:26.2128583Z [36;1m  echo "NEGATIVE_UNEXPECTED: auth did not fail"; exit 1[0m
negative	Report negative outcome	2026-07-23T19:19:26.2129649Z [36;1mfi[0m
negative	Report negative outcome	2026-07-23T19:19:26.2251077Z shell: /usr/bin/bash -e {0}
negative	Report negative outcome	2026-07-23T19:19:26.2251930Z env:
negative	Report negative outcome	2026-07-23T19:19:26.2253479Z   CLOUDSDK_AUTH_CREDENTIAL_FILE_OVERRIDE: /home/runner/work/vibecore/vibecore/gha-creds-1fff3a3b05206ebd.json
negative	Report negative outcome	2026-07-23T19:19:26.2255692Z   GOOGLE_APPLICATION_CREDENTIALS: /home/runner/work/vibecore/vibecore/gha-creds-1fff3a3b05206ebd.json
negative	Report negative outcome	2026-07-23T19:19:26.2257743Z   GOOGLE_GHA_CREDS_PATH: /home/runner/work/vibecore/vibecore/gha-creds-1fff3a3b05206ebd.json
negative	Report negative outcome	2026-07-23T19:19:26.2259331Z   CLOUDSDK_CORE_PROJECT: ecode-wif-proof-834022
negative	Report negative outcome	2026-07-23T19:19:26.2260359Z   CLOUDSDK_PROJECT: ecode-wif-proof-834022
negative	Report negative outcome	2026-07-23T19:19:26.2261253Z   GCLOUD_PROJECT: ecode-wif-proof-834022
negative	Report negative outcome	2026-07-23T19:19:26.2261844Z   GCP_PROJECT: ecode-wif-proof-834022
negative	Report negative outcome	2026-07-23T19:19:26.2262441Z   GOOGLE_CLOUD_PROJECT: ecode-wif-proof-834022
negative	Report negative outcome	2026-07-23T19:19:26.2263041Z ##[endgroup]
negative	Report negative outcome	2026-07-23T19:19:26.2370465Z AUTH_STEP_OUTCOME=failure
negative	Report negative outcome	2026-07-23T19:19:26.2371819Z NEGATIVE_OK: impersonation of the un-granted SA was DENIED (no workloadIdentityUser binding)
negative	Post NEGATIVE — try to impersonate an UN-GRANTED SA (eager token must be DENIED)	﻿2026-07-23T19:19:26.2514436Z Node 20 is being deprecated. This workflow is running with Node 24 by default. If you need to temporarily use Node 20, you can set the ACTIONS_ALLOW_USE_UNSECURE_NODE_VERSION=true environment variable. For more information see: https://github.blog/changelog/2025-09-19-deprecation-of-node-20-on-github-actions-runners/
negative	Post NEGATIVE — try to impersonate an UN-GRANTED SA (eager token must be DENIED)	2026-07-23T19:19:26.2516920Z Post job cleanup.
negative	Post NEGATIVE — try to impersonate an UN-GRANTED SA (eager token must be DENIED)	2026-07-23T19:19:26.3381030Z Removed exported credentials at "/home/runner/work/vibecore/vibecore/gha-creds-1fff3a3b05206ebd.json".
negative	Complete job	﻿2026-07-23T19:19:26.3540822Z Cleaning up orphan processes
negative	Complete job	2026-07-23T19:19:26.3982584Z ##[warning]Node.js 20 is deprecated. The following actions target Node.js 20 but are being forced to run on Node.js 24: google-github-actions/auth@v2. For more information see: https://github.blog/changelog/2025-09-19-deprecation-of-node-20-on-github-actions-runners/
authorized	Set up job	﻿2026-07-23T19:19:26.7555606Z Current runner version: '2.335.1'
authorized	Set up job	2026-07-23T19:19:26.7582255Z ##[group]Runner Image Provisioner
authorized	Set up job	2026-07-23T19:19:26.7583135Z Hosted Compute Agent
authorized	Set up job	2026-07-23T19:19:26.7583788Z Version: 20260707.563
authorized	Set up job	2026-07-23T19:19:26.7584423Z Commit: 02667638d2b423fbc733a8e32a88b44996a3ba6e
authorized	Set up job	2026-07-23T19:19:26.7585165Z Build Date: 2026-07-07T19:33:50Z
authorized	Set up job	2026-07-23T19:19:26.7586167Z Worker ID: {ad2bb46a-f9ae-4178-8865-d44d67db8c29}
authorized	Set up job	2026-07-23T19:19:26.7586883Z Azure Region: westus3
authorized	Set up job	2026-07-23T19:19:26.7587427Z ##[endgroup]
authorized	Set up job	2026-07-23T19:19:26.7588957Z ##[group]Operating System
authorized	Set up job	2026-07-23T19:19:26.7589623Z Ubuntu
authorized	Set up job	2026-07-23T19:19:26.7590200Z 24.04.4
authorized	Set up job	2026-07-23T19:19:26.7590723Z LTS
authorized	Set up job	2026-07-23T19:19:26.7591219Z ##[endgroup]
authorized	Set up job	2026-07-23T19:19:26.7591802Z ##[group]Runner Image
authorized	Set up job	2026-07-23T19:19:26.7592442Z Image: ubuntu-24.04
authorized	Set up job	2026-07-23T19:19:26.7592975Z Version: 20260714.240.1
authorized	Set up job	2026-07-23T19:19:26.7594085Z Included Software: https://github.com/actions/runner-images/blob/ubuntu24/20260714.240/images/ubuntu/Ubuntu2404-Readme.md
authorized	Set up job	2026-07-23T19:19:26.7596256Z Image Release: https://github.com/actions/runner-images/releases/tag/ubuntu24%2F20260714.240
authorized	Set up job	2026-07-23T19:19:26.7597267Z ##[endgroup]
authorized	Set up job	2026-07-23T19:19:26.7598375Z ##[group]GITHUB_TOKEN Permissions
authorized	Set up job	2026-07-23T19:19:26.7600299Z Contents: read
authorized	Set up job	2026-07-23T19:19:26.7600899Z Metadata: read
authorized	Set up job	2026-07-23T19:19:26.7601578Z ##[endgroup]
authorized	Set up job	2026-07-23T19:19:26.7603759Z Secret source: Actions
authorized	Set up job	2026-07-23T19:19:26.7604992Z Prepare workflow directory
authorized	Set up job	2026-07-23T19:19:26.7957420Z Prepare all required actions
authorized	Set up job	2026-07-23T19:19:26.8000029Z Getting action download info
authorized	Set up job	2026-07-23T19:19:27.1324577Z Download action repository 'google-github-actions/auth@v2' (SHA:c200f3691d83b41bf9bbd8638997a462592937ed)
authorized	Set up job	2026-07-23T19:19:27.9693822Z Complete job name: authorized
authorized	Federate GitHub OIDC -> impersonate AUTHORIZED SA (eager token, no key)	﻿2026-07-23T19:19:28.0657240Z Node 20 is being deprecated. This workflow is running with Node 24 by default. If you need to temporarily use Node 20, you can set the ACTIONS_ALLOW_USE_UNSECURE_NODE_VERSION=true environment variable. For more information see: https://github.blog/changelog/2025-09-19-deprecation-of-node-20-on-github-actions-runners/
authorized	Federate GitHub OIDC -> impersonate AUTHORIZED SA (eager token, no key)	2026-07-23T19:19:28.0666933Z ##[group]Run google-github-actions/auth@v2
authorized	Federate GitHub OIDC -> impersonate AUTHORIZED SA (eager token, no key)	2026-07-23T19:19:28.0667848Z with:
authorized	Federate GitHub OIDC -> impersonate AUTHORIZED SA (eager token, no key)	2026-07-23T19:19:28.0668387Z   project_id: ecode-wif-proof-834022
authorized	Federate GitHub OIDC -> impersonate AUTHORIZED SA (eager token, no key)	2026-07-23T19:19:28.0669720Z   workload_identity_provider: projects/828850261214/locations/global/workloadIdentityPools/github-pool/providers/github
authorized	Federate GitHub OIDC -> impersonate AUTHORIZED SA (eager token, no key)	2026-07-23T19:19:28.0672001Z   service_account: wif-authorized@ecode-wif-proof-834022.iam.gserviceaccount.com
authorized	Federate GitHub OIDC -> impersonate AUTHORIZED SA (eager token, no key)	2026-07-23T19:19:28.0673514Z   token_format: access_token
authorized	Federate GitHub OIDC -> impersonate AUTHORIZED SA (eager token, no key)	2026-07-23T19:19:28.0674442Z   create_credentials_file: true
authorized	Federate GitHub OIDC -> impersonate AUTHORIZED SA (eager token, no key)	2026-07-23T19:19:28.0675148Z   export_environment_variables: true
authorized	Federate GitHub OIDC -> impersonate AUTHORIZED SA (eager token, no key)	2026-07-23T19:19:28.0675943Z   universe: googleapis.com
authorized	Federate GitHub OIDC -> impersonate AUTHORIZED SA (eager token, no key)	2026-07-23T19:19:28.0676642Z   cleanup_credentials: true
authorized	Federate GitHub OIDC -> impersonate AUTHORIZED SA (eager token, no key)	2026-07-23T19:19:28.0677268Z   access_token_lifetime: 3600s
authorized	Federate GitHub OIDC -> impersonate AUTHORIZED SA (eager token, no key)	2026-07-23T19:19:28.0678003Z   access_token_scopes: https://www.googleapis.com/auth/cloud-platform
authorized	Federate GitHub OIDC -> impersonate AUTHORIZED SA (eager token, no key)	2026-07-23T19:19:28.0678811Z   id_token_include_email: false
authorized	Federate GitHub OIDC -> impersonate AUTHORIZED SA (eager token, no key)	2026-07-23T19:19:28.0680104Z ##[endgroup]
authorized	Federate GitHub OIDC -> impersonate AUTHORIZED SA (eager token, no key)	2026-07-23T19:19:28.4097109Z ⚠️ The "create_credentials_file" option is true, but the current GitHub workspace is empty. Did you forget to use "actions/checkout" before this step? If you do not intend to share authentication with future steps in this job, set "create_credentials_file" to false.
authorized	Federate GitHub OIDC -> impersonate AUTHORIZED SA (eager token, no key)	2026-07-23T19:19:28.4184832Z Created credentials file at "/home/runner/work/vibecore/vibecore/gha-creds-c92145b1df22280f.json"
authorized	Read the secret bucket with the WIF-obtained token (no key) — REQUIRE 200 + content	﻿2026-07-23T19:19:28.6309119Z ##[group]Run set -euo pipefail
authorized	Read the secret bucket with the WIF-obtained token (no key) — REQUIRE 200 + content	2026-07-23T19:19:28.6310555Z [36;1mset -euo pipefail[0m
authorized	Read the secret bucket with the WIF-obtained token (no key) — REQUIRE 200 + content	2026-07-23T19:19:28.6311987Z [36;1mecho "NONCE=wifproof-20260723T191341Z-91767"[0m
authorized	Read the secret bucket with the WIF-obtained token (no key) — REQUIRE 200 + content	2026-07-23T19:19:28.6314450Z [36;1mecho "CREDENTIAL_FILE=$GOOGLE_APPLICATION_CREDENTIALS (external_account/federated, NOT a key)"[0m
authorized	Read the secret bucket with the WIF-obtained token (no key) — REQUIRE 200 + content	2026-07-23T19:19:28.6318502Z [36;1mgrep -q '"type": "external_account"' "$GOOGLE_APPLICATION_CREDENTIALS" && echo "CREDENTIAL_KIND=external_account (federated, keyless)"[0m
authorized	Read the secret bucket with the WIF-obtained token (no key) — REQUIRE 200 + content	2026-07-23T19:19:28.6322052Z [36;1mecho "TOKEN_ACQUIRED_VIA=WIF_impersonation length=${#TOKEN}"[0m
authorized	Read the secret bucket with the WIF-obtained token (no key) — REQUIRE 200 + content	2026-07-23T19:19:28.6324600Z [36;1mCODE=$(curl -s -o /tmp/body -w "%{http_code}" -H "Authorization: ***" \[0m
authorized	Read the secret bucket with the WIF-obtained token (no key) — REQUIRE 200 + content	2026-07-23T19:19:28.6327312Z [36;1m  "https://storage.googleapis.com/storage/v1/b/${BUCKET}/o/secret.txt?alt=media")[0m
authorized	Read the secret bucket with the WIF-obtained token (no key) — REQUIRE 200 + content	2026-07-23T19:19:28.6329409Z [36;1mecho "READ_HTTP=$CODE"[0m
authorized	Read the secret bucket with the WIF-obtained token (no key) — REQUIRE 200 + content	2026-07-23T19:19:28.6330746Z [36;1mecho "SECRET_CONTENT=$(cat /tmp/body)"[0m
authorized	Read the secret bucket with the WIF-obtained token (no key) — REQUIRE 200 + content	2026-07-23T19:19:28.6332625Z [36;1mtest "$CODE" = "200" || { echo "FAIL: expected HTTP 200, got $CODE"; exit 1; }[0m
authorized	Read the secret bucket with the WIF-obtained token (no key) — REQUIRE 200 + content	2026-07-23T19:19:28.6334532Z [36;1mcase "$(cat /tmp/body)" in[0m
authorized	Read the secret bucket with the WIF-obtained token (no key) — REQUIRE 200 + content	2026-07-23T19:19:28.6336355Z [36;1m  "$EXPECT"*) echo "CONTENT_OK: secret starts with expected prefix" ;;[0m
authorized	Read the secret bucket with the WIF-obtained token (no key) — REQUIRE 200 + content	2026-07-23T19:19:28.6338285Z [36;1m  *) echo "FAIL: unexpected content"; exit 1 ;;[0m
authorized	Read the secret bucket with the WIF-obtained token (no key) — REQUIRE 200 + content	2026-07-23T19:19:28.6339727Z [36;1mesac[0m
authorized	Read the secret bucket with the WIF-obtained token (no key) — REQUIRE 200 + content	2026-07-23T19:19:28.6423829Z shell: /usr/bin/bash -e {0}
authorized	Read the secret bucket with the WIF-obtained token (no key) — REQUIRE 200 + content	2026-07-23T19:19:28.6425067Z env:
authorized	Read the secret bucket with the WIF-obtained token (no key) — REQUIRE 200 + content	2026-07-23T19:19:28.6427450Z   CLOUDSDK_AUTH_CREDENTIAL_FILE_OVERRIDE: /home/runner/work/vibecore/vibecore/gha-creds-c92145b1df22280f.json
authorized	Read the secret bucket with the WIF-obtained token (no key) — REQUIRE 200 + content	2026-07-23T19:19:28.6430778Z   GOOGLE_APPLICATION_CREDENTIALS: /home/runner/work/vibecore/vibecore/gha-creds-c92145b1df22280f.json
authorized	Read the secret bucket with the WIF-obtained token (no key) — REQUIRE 200 + content	2026-07-23T19:19:28.6433773Z   GOOGLE_GHA_CREDS_PATH: /home/runner/work/vibecore/vibecore/gha-creds-c92145b1df22280f.json
authorized	Read the secret bucket with the WIF-obtained token (no key) — REQUIRE 200 + content	2026-07-23T19:19:28.6436119Z   CLOUDSDK_CORE_PROJECT: ecode-wif-proof-834022
authorized	Read the secret bucket with the WIF-obtained token (no key) — REQUIRE 200 + content	2026-07-23T19:19:28.6437625Z   CLOUDSDK_PROJECT: ecode-wif-proof-834022
authorized	Read the secret bucket with the WIF-obtained token (no key) — REQUIRE 200 + content	2026-07-23T19:19:28.6439070Z   GCLOUD_PROJECT: ecode-wif-proof-834022
authorized	Read the secret bucket with the WIF-obtained token (no key) — REQUIRE 200 + content	2026-07-23T19:19:28.6440471Z   GCP_PROJECT: ecode-wif-proof-834022
authorized	Read the secret bucket with the WIF-obtained token (no key) — REQUIRE 200 + content	2026-07-23T19:19:28.6441917Z   GOOGLE_CLOUD_PROJECT: ecode-wif-proof-834022
authorized	Read the secret bucket with the WIF-obtained token (no key) — REQUIRE 200 + content	2026-07-23T19:19:28.6464637Z   TOKEN: ***
authorized	Read the secret bucket with the WIF-obtained token (no key) — REQUIRE 200 + content	2026-07-23T19:19:28.6465860Z   BUCKET: ecode-wif-proof-834022-secret-data
authorized	Read the secret bucket with the WIF-obtained token (no key) — REQUIRE 200 + content	2026-07-23T19:19:28.6467275Z   EXPECT: wif-proof-secret-content
authorized	Read the secret bucket with the WIF-obtained token (no key) — REQUIRE 200 + content	2026-07-23T19:19:28.6468531Z ##[endgroup]
authorized	Read the secret bucket with the WIF-obtained token (no key) — REQUIRE 200 + content	2026-07-23T19:19:28.6590634Z NONCE=wifproof-20260723T191341Z-91767
authorized	Read the secret bucket with the WIF-obtained token (no key) — REQUIRE 200 + content	2026-07-23T19:19:28.6593332Z CREDENTIAL_FILE=/home/runner/work/vibecore/vibecore/gha-creds-c92145b1df22280f.json (external_account/federated, NOT a key)
authorized	Read the secret bucket with the WIF-obtained token (no key) — REQUIRE 200 + content	2026-07-23T19:19:28.6605678Z TOKEN_ACQUIRED_VIA=WIF_impersonation length=1024
authorized	Read the secret bucket with the WIF-obtained token (no key) — REQUIRE 200 + content	2026-07-23T19:19:29.6450437Z READ_HTTP=200
authorized	Read the secret bucket with the WIF-obtained token (no key) — REQUIRE 200 + content	2026-07-23T19:19:29.6465891Z SECRET_CONTENT=wif-proof-secret-content-1784834136
authorized	Read the secret bucket with the WIF-obtained token (no key) — REQUIRE 200 + content	2026-07-23T19:19:29.6479601Z CONTENT_OK: secret starts with expected prefix
authorized	Post Federate GitHub OIDC -> impersonate AUTHORIZED SA (eager token, no key)	﻿2026-07-23T19:19:29.6740242Z Node 20 is being deprecated. This workflow is running with Node 24 by default. If you need to temporarily use Node 20, you can set the ACTIONS_ALLOW_USE_UNSECURE_NODE_VERSION=true environment variable. For more information see: https://github.blog/changelog/2025-09-19-deprecation-of-node-20-on-github-actions-runners/
authorized	Post Federate GitHub OIDC -> impersonate AUTHORIZED SA (eager token, no key)	2026-07-23T19:19:29.6745605Z Post job cleanup.
authorized	Post Federate GitHub OIDC -> impersonate AUTHORIZED SA (eager token, no key)	2026-07-23T19:19:29.7671271Z Removed exported credentials at "/home/runner/work/vibecore/vibecore/gha-creds-c92145b1df22280f.json".
authorized	Complete job	﻿2026-07-23T19:19:29.7823753Z Cleaning up orphan processes
authorized	Complete job	2026-07-23T19:19:29.8273117Z ##[warning]Node.js 20 is deprecated. The following actions target Node.js 20 but are being forced to run on Node.js 24: google-github-actions/auth@v2. For more information see: https://github.blog/changelog/2025-09-19-deprecation-of-node-20-on-github-actions-runners/
