#0 building with "orbstack" instance using docker driver

#1 [internal] load build definition from Dockerfile
#1 transferring dockerfile: 217B done
#1 DONE 0.0s

#2 [internal] load metadata for docker.io/library/python:3.12-slim
#2 DONE 1.4s

#3 [internal] load .dockerignore
#3 transferring context: 2B done
#3 DONE 0.0s

#4 [internal] load build context
#4 transferring context: 1.50kB done
#4 DONE 0.0s

#5 [1/3] FROM docker.io/library/python:3.12-slim@sha256:57cd7c3a7a273101a6485ba99423ee568157882804b1124b4dd04266317710de
#5 resolve docker.io/library/python:3.12-slim@sha256:57cd7c3a7a273101a6485ba99423ee568157882804b1124b4dd04266317710de 0.0s done
#5 DONE 0.1s

#6 [2/3] WORKDIR /app
#6 CACHED

#7 [3/3] COPY cloudrun-main.py main.py
#7 CACHED

#8 exporting to image
#8 exporting layers 0.0s done
#8 exporting manifest sha256:a610f8b40d8d1f054063a606613a46a416f28f610fd9175a240b853390cb45e2 done
#8 exporting config sha256:46faaa48bc687facf2a6deaa601a60f64c3754c8d78410ddacf52dc37679757a done
#8 exporting attestation manifest sha256:c737e7bf113287e264dd01cbfc7da1f41929dd00accf8c9c9ebded48735bcc72 0.0s done
#8 exporting manifest list sha256:6f1146545abccc717593bd13e57800d4f79d809edbaa29ecb70d218c58dcb0e6 0.0s done
#8 naming to europe-west9-docker.pkg.dev/ecode-wif-proof-739484/wif-proof/wif-proof:v1
#8 naming to europe-west9-docker.pkg.dev/ecode-wif-proof-739484/wif-proof/wif-proof:v1 done
#8 DONE 0.1s
The push refers to repository [europe-west9-docker.pkg.dev/ecode-wif-proof-739484/wif-proof/wif-proof]
ca642fd244b3: Waiting
0ab6a4d233ae: Waiting
48347b15c85f: Waiting
fd079632edc0: Waiting
fb1ec1ae9e26: Waiting
062e450697fa: Waiting
98db2485a0d0: Waiting
ca642fd244b3: Waiting
0ab6a4d233ae: Waiting
48347b15c85f: Waiting
fd079632edc0: Waiting
fb1ec1ae9e26: Waiting
062e450697fa: Waiting
98db2485a0d0: Waiting
fd079632edc0: Waiting
fb1ec1ae9e26: Waiting
062e450697fa: Waiting
98db2485a0d0: Waiting
ca642fd244b3: Waiting
0ab6a4d233ae: Waiting
48347b15c85f: Waiting
fb1ec1ae9e26: Waiting
062e450697fa: Waiting
98db2485a0d0: Waiting
ca642fd244b3: Waiting
0ab6a4d233ae: Waiting
48347b15c85f: Waiting
fd079632edc0: Waiting
062e450697fa: Waiting
98db2485a0d0: Waiting
ca642fd244b3: Waiting
0ab6a4d233ae: Waiting
48347b15c85f: Waiting
fd079632edc0: Waiting
fb1ec1ae9e26: Waiting
fd079632edc0: Waiting
fb1ec1ae9e26: Waiting
062e450697fa: Waiting
98db2485a0d0: Waiting
ca642fd244b3: Waiting
0ab6a4d233ae: Waiting
48347b15c85f: Waiting
fb1ec1ae9e26: Waiting
062e450697fa: Waiting
98db2485a0d0: Waiting
ca642fd244b3: Waiting
0ab6a4d233ae: Waiting
48347b15c85f: Waiting
fd079632edc0: Waiting
0ab6a4d233ae: Waiting
48347b15c85f: Waiting
fd079632edc0: Waiting
fb1ec1ae9e26: Waiting
062e450697fa: Waiting
98db2485a0d0: Waiting
ca642fd244b3: Waiting
062e450697fa: Waiting
98db2485a0d0: Waiting
ca642fd244b3: Waiting
0ab6a4d233ae: Waiting
48347b15c85f: Waiting
fd079632edc0: Waiting
fb1ec1ae9e26: Waiting
48347b15c85f: Waiting
fd079632edc0: Waiting
fb1ec1ae9e26: Waiting
062e450697fa: Waiting
98db2485a0d0: Waiting
ca642fd244b3: Waiting
0ab6a4d233ae: Waiting
ca642fd244b3: Waiting
0ab6a4d233ae: Waiting
48347b15c85f: Waiting
fd079632edc0: Waiting
fb1ec1ae9e26: Waiting
062e450697fa: Waiting
98db2485a0d0: Waiting
fb1ec1ae9e26: Waiting
062e450697fa: Waiting
98db2485a0d0: Waiting
ca642fd244b3: Waiting
0ab6a4d233ae: Waiting
48347b15c85f: Waiting
fd079632edc0: Waiting
fd079632edc0: Waiting
fb1ec1ae9e26: Waiting
062e450697fa: Waiting
98db2485a0d0: Waiting
ca642fd244b3: Waiting
0ab6a4d233ae: Waiting
48347b15c85f: Waiting
062e450697fa: Waiting
98db2485a0d0: Waiting
ca642fd244b3: Waiting
0ab6a4d233ae: Waiting
48347b15c85f: Waiting
fd079632edc0: Waiting
fb1ec1ae9e26: Waiting
062e450697fa: Waiting
98db2485a0d0: Waiting
ca642fd244b3: Waiting
0ab6a4d233ae: Waiting
48347b15c85f: Waiting
fd079632edc0: Waiting
fb1ec1ae9e26: Waiting
fd079632edc0: Waiting
fb1ec1ae9e26: Waiting
062e450697fa: Waiting
98db2485a0d0: Waiting
0ab6a4d233ae: Waiting
48347b15c85f: Waiting
0ab6a4d233ae: Waiting
fd079632edc0: Waiting
062e450697fa: Waiting
98db2485a0d0: Waiting
fd079632edc0: Waiting
062e450697fa: Waiting
98db2485a0d0: Waiting
0ab6a4d233ae: Waiting
ca642fd244b3: Pushed
fb1ec1ae9e26: Pushed
fd079632edc0: Pushed
0ab6a4d233ae: Pushed
98db2485a0d0: Pushed
062e450697fa: Pushed
48347b15c85f: Pushed
v1: digest: sha256:6f1146545abccc717593bd13e57800d4f79d809edbaa29ecb70d218c58dcb0e6 size: 856
