negative	Set up job	﻿2026-08-03T06:49:14.4896631Z Current runner version: '2.336.0'
negative	Set up job	2026-08-03T06:49:14.4930780Z ##[group]Runner Image Provisioner
negative	Set up job	2026-08-03T06:49:14.4932333Z Hosted Compute Agent
negative	Set up job	2026-08-03T06:49:14.4933399Z Version: 20260707.563
negative	Set up job	2026-08-03T06:49:14.4934458Z Commit: 02667638d2b423fbc733a8e32a88b44996a3ba6e
negative	Set up job	2026-08-03T06:49:14.4936169Z Build Date: 2026-07-07T19:33:50Z
negative	Set up job	2026-08-03T06:49:14.4937478Z Worker ID: {bcc62914-2cde-41df-b91d-5047c9af0808}
negative	Set up job	2026-08-03T06:49:14.4938914Z Azure Region: centralus
negative	Set up job	2026-08-03T06:49:14.4940031Z ##[endgroup]
negative	Set up job	2026-08-03T06:49:14.4942351Z ##[group]Operating System
negative	Set up job	2026-08-03T06:49:14.4943314Z Ubuntu
negative	Set up job	2026-08-03T06:49:14.4943940Z 24.04.4
negative	Set up job	2026-08-03T06:49:14.4944447Z LTS
negative	Set up job	2026-08-03T06:49:14.4945611Z ##[endgroup]
negative	Set up job	2026-08-03T06:49:14.4946188Z ##[group]Runner Image
negative	Set up job	2026-08-03T06:49:14.4946834Z Image: ubuntu-24.04
negative	Set up job	2026-08-03T06:49:14.4947452Z Version: 20260720.247.2
negative	Set up job	2026-08-03T06:49:14.4948524Z Included Software: https://github.com/actions/runner-images/blob/ubuntu24/20260720.247/images/ubuntu/Ubuntu2404-Readme.md
negative	Set up job	2026-08-03T06:49:14.4950355Z Image Release: https://github.com/actions/runner-images/releases/tag/ubuntu24%2F20260720.247
negative	Set up job	2026-08-03T06:49:14.4951382Z ##[endgroup]
negative	Set up job	2026-08-03T06:49:14.4952536Z ##[group]GITHUB_TOKEN Permissions
negative	Set up job	2026-08-03T06:49:14.4955073Z Contents: read
negative	Set up job	2026-08-03T06:49:14.4955740Z Metadata: read
negative	Set up job	2026-08-03T06:49:14.4956306Z ##[endgroup]
negative	Set up job	2026-08-03T06:49:14.4959160Z Secret source: Actions
negative	Set up job	2026-08-03T06:49:14.4960402Z Prepare workflow directory
negative	Set up job	2026-08-03T06:49:14.5369362Z Prepare all required actions
negative	Set up job	2026-08-03T06:49:14.5424439Z Getting action download info
negative	Set up job	2026-08-03T06:49:14.8140664Z Download action repository 'google-github-actions/auth@v2' (SHA:c200f3691d83b41bf9bbd8638997a462592937ed)
negative	Set up job	2026-08-03T06:49:15.2821206Z Complete job name: negative
negative	NEGATIVE — try to impersonate an UN-GRANTED SA (eager token must be DENIED)	﻿2026-08-03T06:49:15.3745404Z Node 20 is being deprecated. This workflow is running with Node 24 by default. If you need to temporarily use Node 20, you can set the ACTIONS_ALLOW_USE_UNSECURE_NODE_VERSION=true environment variable. For more information see: https://github.blog/changelog/2025-09-19-deprecation-of-node-20-on-github-actions-runners/
negative	NEGATIVE — try to impersonate an UN-GRANTED SA (eager token must be DENIED)	2026-08-03T06:49:15.3754335Z ##[group]Run google-github-actions/auth@v2
negative	NEGATIVE — try to impersonate an UN-GRANTED SA (eager token must be DENIED)	2026-08-03T06:49:15.3755502Z with:
negative	NEGATIVE — try to impersonate an UN-GRANTED SA (eager token must be DENIED)	2026-08-03T06:49:15.3755985Z   project_id: ecode-wif-proof-739484
negative	NEGATIVE — try to impersonate an UN-GRANTED SA (eager token must be DENIED)	2026-08-03T06:49:15.3757044Z   workload_identity_provider: projects/657201997045/locations/global/workloadIdentityPools/github-pool/providers/github
negative	NEGATIVE — try to impersonate an UN-GRANTED SA (eager token must be DENIED)	2026-08-03T06:49:15.3758296Z   service_account: wif-wrong@ecode-wif-proof-739484.iam.gserviceaccount.com
negative	NEGATIVE — try to impersonate an UN-GRANTED SA (eager token must be DENIED)	2026-08-03T06:49:15.3759055Z   token_format: access_token
negative	NEGATIVE — try to impersonate an UN-GRANTED SA (eager token must be DENIED)	2026-08-03T06:49:15.3759576Z   create_credentials_file: true
negative	NEGATIVE — try to impersonate an UN-GRANTED SA (eager token must be DENIED)	2026-08-03T06:49:15.3760105Z   export_environment_variables: true
negative	NEGATIVE — try to impersonate an UN-GRANTED SA (eager token must be DENIED)	2026-08-03T06:49:15.3760653Z   universe: googleapis.com
negative	NEGATIVE — try to impersonate an UN-GRANTED SA (eager token must be DENIED)	2026-08-03T06:49:15.3761147Z   cleanup_credentials: true
negative	NEGATIVE — try to impersonate an UN-GRANTED SA (eager token must be DENIED)	2026-08-03T06:49:15.3761697Z   access_token_lifetime: 3600s
negative	NEGATIVE — try to impersonate an UN-GRANTED SA (eager token must be DENIED)	2026-08-03T06:49:15.3762382Z   access_token_scopes: https://www.googleapis.com/auth/cloud-platform
negative	NEGATIVE — try to impersonate an UN-GRANTED SA (eager token must be DENIED)	2026-08-03T06:49:15.3763128Z   id_token_include_email: false
negative	NEGATIVE — try to impersonate an UN-GRANTED SA (eager token must be DENIED)	2026-08-03T06:49:15.3763813Z ##[endgroup]
negative	NEGATIVE — try to impersonate an UN-GRANTED SA (eager token must be DENIED)	2026-08-03T06:49:15.6116019Z ⚠️ The "create_credentials_file" option is true, but the current GitHub workspace is empty. Did you forget to use "actions/checkout" before this step? If you do not intend to share authentication with future steps in this job, set "create_credentials_file" to false.
negative	NEGATIVE — try to impersonate an UN-GRANTED SA (eager token must be DENIED)	2026-08-03T06:49:15.6197236Z Created credentials file at "/home/runner/work/vibecore/vibecore/gha-creds-71d6a1af00f8e87c.json"
negative	NEGATIVE — try to impersonate an UN-GRANTED SA (eager token must be DENIED)	2026-08-03T06:49:15.9453013Z ##[error]google-github-actions/auth failed with: failed to generate Google Cloud OAuth 2.0 Access Token for wif-wrong@ecode-wif-proof-739484.iam.gserviceaccount.com: {
negative	NEGATIVE — try to impersonate an UN-GRANTED SA (eager token must be DENIED)	  "error": {
negative	NEGATIVE — try to impersonate an UN-GRANTED SA (eager token must be DENIED)	    "code": 403,
negative	NEGATIVE — try to impersonate an UN-GRANTED SA (eager token must be DENIED)	    "message": "Permission 'iam.serviceAccounts.getAccessToken' denied on resource (or it may not exist). Remediate access with this Troubleshooter URL or share it with your administrator - https://console.cloud.google.com/iam-admin/troubleshooter/summary;errorId=CiQwMTlmYzY2Mi00MTk3LTcxM2EtYjQyYi0xNTdmYmQxNTUzMTQSAA%3D%3D .",
negative	NEGATIVE — try to impersonate an UN-GRANTED SA (eager token must be DENIED)	    "status": "PERMISSION_DENIED",
negative	NEGATIVE — try to impersonate an UN-GRANTED SA (eager token must be DENIED)	    "details": [
negative	NEGATIVE — try to impersonate an UN-GRANTED SA (eager token must be DENIED)	      {
negative	NEGATIVE — try to impersonate an UN-GRANTED SA (eager token must be DENIED)	        "@type": "type.googleapis.com/google.rpc.ErrorInfo",
negative	NEGATIVE — try to impersonate an UN-GRANTED SA (eager token must be DENIED)	        "reason": "IAM_PERMISSION_DENIED",
negative	NEGATIVE — try to impersonate an UN-GRANTED SA (eager token must be DENIED)	        "domain": "iam.googleapis.com",
negative	NEGATIVE — try to impersonate an UN-GRANTED SA (eager token must be DENIED)	        "metadata": {
negative	NEGATIVE — try to impersonate an UN-GRANTED SA (eager token must be DENIED)	          "error_info_id": "CiQwMTlmYzY2Mi00MTk3LTcxM2EtYjQyYi0xNTdmYmQxNTUzMTQSAA==",
negative	NEGATIVE — try to impersonate an UN-GRANTED SA (eager token must be DENIED)	          "permission": "iam.serviceAccounts.getAccessToken",
negative	NEGATIVE — try to impersonate an UN-GRANTED SA (eager token must be DENIED)	          "troubleshooter_url": "https://console.cloud.google.com/iam-admin/troubleshooter/summary;errorId=CiQwMTlmYzY2Mi00MTk3LTcxM2EtYjQyYi0xNTdmYmQxNTUzMTQSAA%3D%3D"
negative	NEGATIVE — try to impersonate an UN-GRANTED SA (eager token must be DENIED)	        }
negative	NEGATIVE — try to impersonate an UN-GRANTED SA (eager token must be DENIED)	      }
negative	NEGATIVE — try to impersonate an UN-GRANTED SA (eager token must be DENIED)	    ]
negative	NEGATIVE — try to impersonate an UN-GRANTED SA (eager token must be DENIED)	  }
negative	NEGATIVE — try to impersonate an UN-GRANTED SA (eager token must be DENIED)	}
negative	Report negative outcome	﻿2026-08-03T06:49:15.9646302Z ##[group]Run echo "AUTH_STEP_OUTCOME=failure"
negative	Report negative outcome	2026-08-03T06:49:15.9647120Z [36;1mecho "AUTH_STEP_OUTCOME=failure"[0m
negative	Report negative outcome	2026-08-03T06:49:15.9647765Z [36;1mif [ "failure" = "failure" ]; then[0m
negative	Report negative outcome	2026-08-03T06:49:15.9648756Z [36;1m  echo "NEGATIVE_OK: impersonation of the un-granted SA was DENIED (no workloadIdentityUser binding)"[0m
negative	Report negative outcome	2026-08-03T06:49:15.9649697Z [36;1melse[0m
negative	Report negative outcome	2026-08-03T06:49:15.9650264Z [36;1m  echo "NEGATIVE_UNEXPECTED: auth did not fail"; exit 1[0m
negative	Report negative outcome	2026-08-03T06:49:15.9650976Z [36;1mfi[0m
negative	Report negative outcome	2026-08-03T06:49:15.9699525Z shell: /usr/bin/bash -e {0}
negative	Report negative outcome	2026-08-03T06:49:15.9700118Z env:
negative	Report negative outcome	2026-08-03T06:49:15.9700985Z   CLOUDSDK_AUTH_CREDENTIAL_FILE_OVERRIDE: /home/runner/work/vibecore/vibecore/gha-creds-71d6a1af00f8e87c.json
negative	Report negative outcome	2026-08-03T06:49:15.9702327Z   GOOGLE_APPLICATION_CREDENTIALS: /home/runner/work/vibecore/vibecore/gha-creds-71d6a1af00f8e87c.json
negative	Report negative outcome	2026-08-03T06:49:15.9703531Z   GOOGLE_GHA_CREDS_PATH: /home/runner/work/vibecore/vibecore/gha-creds-71d6a1af00f8e87c.json
negative	Report negative outcome	2026-08-03T06:49:15.9704881Z   CLOUDSDK_CORE_PROJECT: ecode-wif-proof-739484
negative	Report negative outcome	2026-08-03T06:49:15.9705681Z   CLOUDSDK_PROJECT: ecode-wif-proof-739484
negative	Report negative outcome	2026-08-03T06:49:15.9706320Z   GCLOUD_PROJECT: ecode-wif-proof-739484
negative	Report negative outcome	2026-08-03T06:49:15.9706921Z   GCP_PROJECT: ecode-wif-proof-739484
negative	Report negative outcome	2026-08-03T06:49:15.9707538Z   GOOGLE_CLOUD_PROJECT: ecode-wif-proof-739484
negative	Report negative outcome	2026-08-03T06:49:15.9708154Z ##[endgroup]
negative	Report negative outcome	2026-08-03T06:49:15.9798085Z AUTH_STEP_OUTCOME=failure
negative	Report negative outcome	2026-08-03T06:49:15.9799063Z NEGATIVE_OK: impersonation of the un-granted SA was DENIED (no workloadIdentityUser binding)
negative	Post NEGATIVE — try to impersonate an UN-GRANTED SA (eager token must be DENIED)	﻿2026-08-03T06:49:15.9961595Z Node 20 is being deprecated. This workflow is running with Node 24 by default. If you need to temporarily use Node 20, you can set the ACTIONS_ALLOW_USE_UNSECURE_NODE_VERSION=true environment variable. For more information see: https://github.blog/changelog/2025-09-19-deprecation-of-node-20-on-github-actions-runners/
negative	Post NEGATIVE — try to impersonate an UN-GRANTED SA (eager token must be DENIED)	2026-08-03T06:49:15.9964132Z Post job cleanup.
negative	Post NEGATIVE — try to impersonate an UN-GRANTED SA (eager token must be DENIED)	2026-08-03T06:49:16.0828199Z Removed exported credentials at "/home/runner/work/vibecore/vibecore/gha-creds-71d6a1af00f8e87c.json".
negative	Complete job	﻿2026-08-03T06:49:16.0943762Z Cleaning up orphan processes
negative	Complete job	2026-08-03T06:49:16.1314008Z ##[warning]Node.js 20 is deprecated. The following actions target Node.js 20 but are being forced to run on Node.js 24: google-github-actions/auth@v2. For more information see: https://github.blog/changelog/2025-09-19-deprecation-of-node-20-on-github-actions-runners/
authorized	Set up job	﻿2026-08-03T06:49:14.3792808Z Current runner version: '2.336.0'
authorized	Set up job	2026-08-03T06:49:14.3809561Z ##[group]Runner Image Provisioner
authorized	Set up job	2026-08-03T06:49:14.3810205Z Hosted Compute Agent
authorized	Set up job	2026-08-03T06:49:14.3810597Z Version: 20260707.563
authorized	Set up job	2026-08-03T06:49:14.3811028Z Commit: 02667638d2b423fbc733a8e32a88b44996a3ba6e
authorized	Set up job	2026-08-03T06:49:14.3811532Z Build Date: 2026-07-07T19:33:50Z
authorized	Set up job	2026-08-03T06:49:14.3812055Z Worker ID: {b71a996f-d82c-4cd0-bf54-4189a0dbab39}
authorized	Set up job	2026-08-03T06:49:14.3812545Z Azure Region: centralus
authorized	Set up job	2026-08-03T06:49:14.3812959Z ##[endgroup]
authorized	Set up job	2026-08-03T06:49:14.3813841Z ##[group]Operating System
authorized	Set up job	2026-08-03T06:49:14.3814321Z Ubuntu
authorized	Set up job	2026-08-03T06:49:14.3814630Z 24.04.4
authorized	Set up job	2026-08-03T06:49:14.3814964Z LTS
authorized	Set up job	2026-08-03T06:49:14.3815314Z ##[endgroup]
authorized	Set up job	2026-08-03T06:49:14.3815677Z ##[group]Runner Image
authorized	Set up job	2026-08-03T06:49:14.3816107Z Image: ubuntu-24.04
authorized	Set up job	2026-08-03T06:49:14.3816481Z Version: 20260720.247.2
authorized	Set up job	2026-08-03T06:49:14.3817282Z Included Software: https://github.com/actions/runner-images/blob/ubuntu24/20260720.247/images/ubuntu/Ubuntu2404-Readme.md
authorized	Set up job	2026-08-03T06:49:14.3818605Z Image Release: https://github.com/actions/runner-images/releases/tag/ubuntu24%2F20260720.247
authorized	Set up job	2026-08-03T06:49:14.3819213Z ##[endgroup]
authorized	Set up job	2026-08-03T06:49:14.3819965Z ##[group]GITHUB_TOKEN Permissions
authorized	Set up job	2026-08-03T06:49:14.3821391Z Contents: read
authorized	Set up job	2026-08-03T06:49:14.3821808Z Metadata: read
authorized	Set up job	2026-08-03T06:49:14.3822184Z ##[endgroup]
authorized	Set up job	2026-08-03T06:49:14.3823843Z Secret source: Actions
authorized	Set up job	2026-08-03T06:49:14.3824570Z Prepare workflow directory
authorized	Set up job	2026-08-03T06:49:14.4050219Z Prepare all required actions
authorized	Set up job	2026-08-03T06:49:14.4095627Z Getting action download info
authorized	Set up job	2026-08-03T06:49:14.6084184Z Download action repository 'google-github-actions/auth@v2' (SHA:c200f3691d83b41bf9bbd8638997a462592937ed)
authorized	Set up job	2026-08-03T06:49:15.7836431Z Complete job name: authorized
authorized	Federate GitHub OIDC -> impersonate AUTHORIZED SA (eager token, no key)	﻿2026-08-03T06:49:15.8443850Z Node 20 is being deprecated. This workflow is running with Node 24 by default. If you need to temporarily use Node 20, you can set the ACTIONS_ALLOW_USE_UNSECURE_NODE_VERSION=true environment variable. For more information see: https://github.blog/changelog/2025-09-19-deprecation-of-node-20-on-github-actions-runners/
authorized	Federate GitHub OIDC -> impersonate AUTHORIZED SA (eager token, no key)	2026-08-03T06:49:15.8450493Z ##[group]Run google-github-actions/auth@v2
authorized	Federate GitHub OIDC -> impersonate AUTHORIZED SA (eager token, no key)	2026-08-03T06:49:15.8451139Z with:
authorized	Federate GitHub OIDC -> impersonate AUTHORIZED SA (eager token, no key)	2026-08-03T06:49:15.8451528Z   project_id: ecode-wif-proof-739484
authorized	Federate GitHub OIDC -> impersonate AUTHORIZED SA (eager token, no key)	2026-08-03T06:49:15.8452443Z   workload_identity_provider: projects/657201997045/locations/global/workloadIdentityPools/github-pool/providers/github
authorized	Federate GitHub OIDC -> impersonate AUTHORIZED SA (eager token, no key)	2026-08-03T06:49:15.8453527Z   service_account: wif-authorized@ecode-wif-proof-739484.iam.gserviceaccount.com
authorized	Federate GitHub OIDC -> impersonate AUTHORIZED SA (eager token, no key)	2026-08-03T06:49:15.8454199Z   token_format: access_token
authorized	Federate GitHub OIDC -> impersonate AUTHORIZED SA (eager token, no key)	2026-08-03T06:49:15.8454656Z   create_credentials_file: true
authorized	Federate GitHub OIDC -> impersonate AUTHORIZED SA (eager token, no key)	2026-08-03T06:49:15.8455118Z   export_environment_variables: true
authorized	Federate GitHub OIDC -> impersonate AUTHORIZED SA (eager token, no key)	2026-08-03T06:49:15.8455598Z   universe: googleapis.com
authorized	Federate GitHub OIDC -> impersonate AUTHORIZED SA (eager token, no key)	2026-08-03T06:49:15.8456057Z   cleanup_credentials: true
authorized	Federate GitHub OIDC -> impersonate AUTHORIZED SA (eager token, no key)	2026-08-03T06:49:15.8456612Z   access_token_lifetime: 3600s
authorized	Federate GitHub OIDC -> impersonate AUTHORIZED SA (eager token, no key)	2026-08-03T06:49:15.8457184Z   access_token_scopes: https://www.googleapis.com/auth/cloud-platform
authorized	Federate GitHub OIDC -> impersonate AUTHORIZED SA (eager token, no key)	2026-08-03T06:49:15.8457798Z   id_token_include_email: false
authorized	Federate GitHub OIDC -> impersonate AUTHORIZED SA (eager token, no key)	2026-08-03T06:49:15.8458624Z ##[endgroup]
authorized	Federate GitHub OIDC -> impersonate AUTHORIZED SA (eager token, no key)	2026-08-03T06:49:16.0867867Z ⚠️ The "create_credentials_file" option is true, but the current GitHub workspace is empty. Did you forget to use "actions/checkout" before this step? If you do not intend to share authentication with future steps in this job, set "create_credentials_file" to false.
authorized	Federate GitHub OIDC -> impersonate AUTHORIZED SA (eager token, no key)	2026-08-03T06:49:16.1506460Z Created credentials file at "/home/runner/work/vibecore/vibecore/gha-creds-14dc2592a1a14e88.json"
authorized	Read the secret bucket with the WIF-obtained token (no key) — REQUIRE 200 + content	﻿2026-08-03T06:49:16.5269013Z ##[group]Run set -euo pipefail
authorized	Read the secret bucket with the WIF-obtained token (no key) — REQUIRE 200 + content	2026-08-03T06:49:16.5270408Z [36;1mset -euo pipefail[0m
authorized	Read the secret bucket with the WIF-obtained token (no key) — REQUIRE 200 + content	2026-08-03T06:49:16.5271569Z [36;1mecho "NONCE=wifproof-20260803T064443Z-72998"[0m
authorized	Read the secret bucket with the WIF-obtained token (no key) — REQUIRE 200 + content	2026-08-03T06:49:16.5273439Z [36;1mecho "CREDENTIAL_FILE=$GOOGLE_APPLICATION_CREDENTIALS (external_account/federated, NOT a key)"[0m
authorized	Read the secret bucket with the WIF-obtained token (no key) — REQUIRE 200 + content	2026-08-03T06:49:16.5276198Z [36;1mgrep -q '"type": "external_account"' "$GOOGLE_APPLICATION_CREDENTIALS" && echo "CREDENTIAL_KIND=external_account (federated, keyless)"[0m
authorized	Read the secret bucket with the WIF-obtained token (no key) — REQUIRE 200 + content	2026-08-03T06:49:16.5279087Z [36;1mecho "TOKEN_ACQUIRED_VIA=WIF_impersonation length=${#TOKEN}"[0m
authorized	Read the secret bucket with the WIF-obtained token (no key) — REQUIRE 200 + content	2026-08-03T06:49:16.5281041Z [36;1mCODE=$(curl -s -o /tmp/body -w "%{http_code}" -H "Authorization: ***" \[0m
authorized	Read the secret bucket with the WIF-obtained token (no key) — REQUIRE 200 + content	2026-08-03T06:49:16.5282888Z [36;1m  "https://storage.googleapis.com/storage/v1/b/${BUCKET}/o/secret.txt?alt=media")[0m
authorized	Read the secret bucket with the WIF-obtained token (no key) — REQUIRE 200 + content	2026-08-03T06:49:16.5284390Z [36;1mecho "READ_HTTP=$CODE"[0m
authorized	Read the secret bucket with the WIF-obtained token (no key) — REQUIRE 200 + content	2026-08-03T06:49:16.5285421Z [36;1mecho "SECRET_CONTENT=$(cat /tmp/body)"[0m
authorized	Read the secret bucket with the WIF-obtained token (no key) — REQUIRE 200 + content	2026-08-03T06:49:16.5286795Z [36;1mtest "$CODE" = "200" || { echo "FAIL: expected HTTP 200, got $CODE"; exit 1; }[0m
authorized	Read the secret bucket with the WIF-obtained token (no key) — REQUIRE 200 + content	2026-08-03T06:49:16.5288344Z [36;1mcase "$(cat /tmp/body)" in[0m
authorized	Read the secret bucket with the WIF-obtained token (no key) — REQUIRE 200 + content	2026-08-03T06:49:16.5289639Z [36;1m  "$EXPECT"*) echo "CONTENT_OK: secret starts with expected prefix" ;;[0m
authorized	Read the secret bucket with the WIF-obtained token (no key) — REQUIRE 200 + content	2026-08-03T06:49:16.5291097Z [36;1m  *) echo "FAIL: unexpected content"; exit 1 ;;[0m
authorized	Read the secret bucket with the WIF-obtained token (no key) — REQUIRE 200 + content	2026-08-03T06:49:16.5292206Z [36;1mesac[0m
authorized	Read the secret bucket with the WIF-obtained token (no key) — REQUIRE 200 + content	2026-08-03T06:49:16.5321159Z shell: /usr/bin/bash -e {0}
authorized	Read the secret bucket with the WIF-obtained token (no key) — REQUIRE 200 + content	2026-08-03T06:49:16.5322113Z env:
authorized	Read the secret bucket with the WIF-obtained token (no key) — REQUIRE 200 + content	2026-08-03T06:49:16.5323733Z   CLOUDSDK_AUTH_CREDENTIAL_FILE_OVERRIDE: /home/runner/work/vibecore/vibecore/gha-creds-14dc2592a1a14e88.json
authorized	Read the secret bucket with the WIF-obtained token (no key) — REQUIRE 200 + content	2026-08-03T06:49:16.5326154Z   GOOGLE_APPLICATION_CREDENTIALS: /home/runner/work/vibecore/vibecore/gha-creds-14dc2592a1a14e88.json
authorized	Read the secret bucket with the WIF-obtained token (no key) — REQUIRE 200 + content	2026-08-03T06:49:16.5328431Z   GOOGLE_GHA_CREDS_PATH: /home/runner/work/vibecore/vibecore/gha-creds-14dc2592a1a14e88.json
authorized	Read the secret bucket with the WIF-obtained token (no key) — REQUIRE 200 + content	2026-08-03T06:49:16.5330093Z   CLOUDSDK_CORE_PROJECT: ecode-wif-proof-739484
authorized	Read the secret bucket with the WIF-obtained token (no key) — REQUIRE 200 + content	2026-08-03T06:49:16.5331298Z   CLOUDSDK_PROJECT: ecode-wif-proof-739484
authorized	Read the secret bucket with the WIF-obtained token (no key) — REQUIRE 200 + content	2026-08-03T06:49:16.5332417Z   GCLOUD_PROJECT: ecode-wif-proof-739484
authorized	Read the secret bucket with the WIF-obtained token (no key) — REQUIRE 200 + content	2026-08-03T06:49:16.5333488Z   GCP_PROJECT: ecode-wif-proof-739484
authorized	Read the secret bucket with the WIF-obtained token (no key) — REQUIRE 200 + content	2026-08-03T06:49:16.5334597Z   GOOGLE_CLOUD_PROJECT: ecode-wif-proof-739484
authorized	Read the secret bucket with the WIF-obtained token (no key) — REQUIRE 200 + content	2026-08-03T06:49:16.5352978Z   TOKEN: ***
authorized	Read the secret bucket with the WIF-obtained token (no key) — REQUIRE 200 + content	2026-08-03T06:49:16.5354153Z   BUCKET: ecode-wif-proof-739484-secret-data
authorized	Read the secret bucket with the WIF-obtained token (no key) — REQUIRE 200 + content	2026-08-03T06:49:16.5355611Z   EXPECT: wif-proof-secret-content
authorized	Read the secret bucket with the WIF-obtained token (no key) — REQUIRE 200 + content	2026-08-03T06:49:16.5356779Z ##[endgroup]
authorized	Read the secret bucket with the WIF-obtained token (no key) — REQUIRE 200 + content	2026-08-03T06:49:16.5433702Z NONCE=wifproof-20260803T064443Z-72998
authorized	Read the secret bucket with the WIF-obtained token (no key) — REQUIRE 200 + content	2026-08-03T06:49:16.5435949Z CREDENTIAL_FILE=/home/runner/work/vibecore/vibecore/gha-creds-14dc2592a1a14e88.json (external_account/federated, NOT a key)
authorized	Read the secret bucket with the WIF-obtained token (no key) — REQUIRE 200 + content	2026-08-03T06:49:16.5444847Z TOKEN_ACQUIRED_VIA=WIF_impersonation length=1024
authorized	Read the secret bucket with the WIF-obtained token (no key) — REQUIRE 200 + content	2026-08-03T06:49:17.2763177Z READ_HTTP=200
authorized	Read the secret bucket with the WIF-obtained token (no key) — REQUIRE 200 + content	2026-08-03T06:49:17.2777250Z SECRET_CONTENT=wif-proof-secret-content-1785739569
authorized	Read the secret bucket with the WIF-obtained token (no key) — REQUIRE 200 + content	2026-08-03T06:49:17.2789665Z CONTENT_OK: secret starts with expected prefix
authorized	Post Federate GitHub OIDC -> impersonate AUTHORIZED SA (eager token, no key)	﻿2026-08-03T06:49:17.3282472Z Node 20 is being deprecated. This workflow is running with Node 24 by default. If you need to temporarily use Node 20, you can set the ACTIONS_ALLOW_USE_UNSECURE_NODE_VERSION=true environment variable. For more information see: https://github.blog/changelog/2025-09-19-deprecation-of-node-20-on-github-actions-runners/
authorized	Post Federate GitHub OIDC -> impersonate AUTHORIZED SA (eager token, no key)	2026-08-03T06:49:17.3284206Z Post job cleanup.
authorized	Post Federate GitHub OIDC -> impersonate AUTHORIZED SA (eager token, no key)	2026-08-03T06:49:17.3920511Z Removed exported credentials at "/home/runner/work/vibecore/vibecore/gha-creds-14dc2592a1a14e88.json".
authorized	Complete job	﻿2026-08-03T06:49:17.4007371Z Cleaning up orphan processes
authorized	Complete job	2026-08-03T06:49:17.4248851Z ##[warning]Node.js 20 is deprecated. The following actions target Node.js 20 but are being forced to run on Node.js 24: google-github-actions/auth@v2. For more information see: https://github.blog/changelog/2025-09-19-deprecation-of-node-20-on-github-actions-runners/
