06:18:14 200
06:18:15 200
06:18:17 200
06:18:18 200
06:18:19 200
06:18:21 200
06:18:22 200
06:18:24 200
06:18:25 200
06:18:26 200
06:18:28 200
06:18:29 200
06:18:30 200
06:18:32 200
06:18:33 200
06:18:34 200
06:18:36 200
06:18:37 200
06:18:40 200
06:18:41 200
06:18:43 200
06:18:44 200
06:18:45 200
06:18:47 200
06:18:48 200
06:18:49 200
06:18:51 200
06:18:52 200
06:18:54 200
06:18:55 200
06:18:56 200
06:18:58 200
06:18:59 200
06:19:01 200
06:19:02 200
06:19:03 200
06:19:05 200
06:19:06 200
06:19:07 200
06:19:09 200
06:19:10 200
06:19:11 200
06:19:13 200
06:19:14 200
06:19:15 200
06:19:17 200
06:19:18 200
06:19:19 200
06:19:21 200
06:19:22 200
06:19:23 200
06:19:25 200
06:19:26 200
06:19:27 200
06:19:29 200
06:19:30 200
06:19:31 200
06:19:33 200
06:19:35 200
06:19:37 200
06:19:38 200
06:19:39 200
06:19:41 200
06:19:43 200
06:19:44 200
06:19:45 200
06:19:47 200
06:19:48 200
06:19:49 200
06:19:50 200
06:19:52 200
06:19:55 200
06:19:56 200
06:19:57 200
06:19:59 200
06:20:02 200
06:20:03 200
06:20:04 200
06:20:06 200
06:20:08 200
06:20:09 200
06:20:10 200
06:20:12 200
06:20:13 200
06:20:14 200
06:20:16 200
06:20:18 200
06:20:19 200
06:20:20 200
06:20:22 200
